GowinSynthesis start
Running parser ...
Analyzing Verilog file 'D:\datos\proyectos\43_Tang_Nano_20k\95_MSXgoauld_tn20k\ikaopll\IKAOPLL.v'
Analyzing Verilog file 'D:\datos\proyectos\43_Tang_Nano_20k\95_MSXgoauld_tn20k\ikaopll\IKAOPLL_dac.v'
Analyzing Verilog file 'D:\datos\proyectos\43_Tang_Nano_20k\95_MSXgoauld_tn20k\ikaopll\IKAOPLL_eg.v'
Analyzing Verilog file 'D:\datos\proyectos\43_Tang_Nano_20k\95_MSXgoauld_tn20k\ikaopll\IKAOPLL_lfo.v'
Analyzing Verilog file 'D:\datos\proyectos\43_Tang_Nano_20k\95_MSXgoauld_tn20k\ikaopll\IKAOPLL_op.v'
Analyzing Verilog file 'D:\datos\proyectos\43_Tang_Nano_20k\95_MSXgoauld_tn20k\ikaopll\IKAOPLL_pg.v'
Analyzing Verilog file 'D:\datos\proyectos\43_Tang_Nano_20k\95_MSXgoauld_tn20k\ikaopll\IKAOPLL_primitives.v'
Analyzing Verilog file 'D:\datos\proyectos\43_Tang_Nano_20k\95_MSXgoauld_tn20k\ikaopll\IKAOPLL_reg.v'
Analyzing Verilog file 'D:\datos\proyectos\43_Tang_Nano_20k\95_MSXgoauld_tn20k\ikaopll\IKAOPLL_timinggen.v'
Analyzing Verilog file 'D:\datos\proyectos\43_Tang_Nano_20k\95_MSXgoauld_tn20k\ikaopll\opll_ikaopll.v'
Analyzing Verilog file 'D:\datos\proyectos\43_Tang_Nano_20k\95_MSXgoauld_tn20k\jtopl\jt2413.v'
Analyzing Verilog file 'D:\datos\proyectos\43_Tang_Nano_20k\95_MSXgoauld_tn20k\jtopl\jtopl.v'
Analyzing Verilog file 'D:\datos\proyectos\43_Tang_Nano_20k\95_MSXgoauld_tn20k\jtopl\jtopl2.v'
Analyzing Verilog file 'D:\datos\proyectos\43_Tang_Nano_20k\95_MSXgoauld_tn20k\jtopl\jtopl_acc.v'
Analyzing Verilog file 'D:\datos\proyectos\43_Tang_Nano_20k\95_MSXgoauld_tn20k\jtopl\jtopl_csr.v'
Analyzing Verilog file 'D:\datos\proyectos\43_Tang_Nano_20k\95_MSXgoauld_tn20k\jtopl\jtopl_div.v'
Analyzing Verilog file 'D:\datos\proyectos\43_Tang_Nano_20k\95_MSXgoauld_tn20k\jtopl\jtopl_eg.v'
Analyzing Verilog file 'D:\datos\proyectos\43_Tang_Nano_20k\95_MSXgoauld_tn20k\jtopl\jtopl_eg_cnt.v'
Analyzing Verilog file 'D:\datos\proyectos\43_Tang_Nano_20k\95_MSXgoauld_tn20k\jtopl\jtopl_eg_comb.v'
Analyzing Verilog file 'D:\datos\proyectos\43_Tang_Nano_20k\95_MSXgoauld_tn20k\jtopl\jtopl_eg_ctrl.v'
Analyzing Verilog file 'D:\datos\proyectos\43_Tang_Nano_20k\95_MSXgoauld_tn20k\jtopl\jtopl_eg_final.v'
Analyzing Verilog file 'D:\datos\proyectos\43_Tang_Nano_20k\95_MSXgoauld_tn20k\jtopl\jtopl_eg_pure.v'
Analyzing Verilog file 'D:\datos\proyectos\43_Tang_Nano_20k\95_MSXgoauld_tn20k\jtopl\jtopl_eg_step.v'
Analyzing Verilog file 'D:\datos\proyectos\43_Tang_Nano_20k\95_MSXgoauld_tn20k\jtopl\jtopl_exprom.v'
Analyzing Verilog file 'D:\datos\proyectos\43_Tang_Nano_20k\95_MSXgoauld_tn20k\jtopl\jtopl_lfo.v'
Analyzing Verilog file 'D:\datos\proyectos\43_Tang_Nano_20k\95_MSXgoauld_tn20k\jtopl\jtopl_logsin.v'
Analyzing Verilog file 'D:\datos\proyectos\43_Tang_Nano_20k\95_MSXgoauld_tn20k\jtopl\jtopl_mmr.v'
Analyzing Verilog file 'D:\datos\proyectos\43_Tang_Nano_20k\95_MSXgoauld_tn20k\jtopl\jtopl_noise.v'
Analyzing Verilog file 'D:\datos\proyectos\43_Tang_Nano_20k\95_MSXgoauld_tn20k\jtopl\jtopl_op.v'
Analyzing Verilog file 'D:\datos\proyectos\43_Tang_Nano_20k\95_MSXgoauld_tn20k\jtopl\jtopl_pg.v'
Analyzing Verilog file 'D:\datos\proyectos\43_Tang_Nano_20k\95_MSXgoauld_tn20k\jtopl\jtopl_pg_comb.v'
Analyzing Verilog file 'D:\datos\proyectos\43_Tang_Nano_20k\95_MSXgoauld_tn20k\jtopl\jtopl_pg_inc.v'
Analyzing Verilog file 'D:\datos\proyectos\43_Tang_Nano_20k\95_MSXgoauld_tn20k\jtopl\jtopl_pg_rhy.v'
Analyzing Verilog file 'D:\datos\proyectos\43_Tang_Nano_20k\95_MSXgoauld_tn20k\jtopl\jtopl_pg_sum.v'
Analyzing Verilog file 'D:\datos\proyectos\43_Tang_Nano_20k\95_MSXgoauld_tn20k\jtopl\jtopl_pm.v'
Analyzing Verilog file 'D:\datos\proyectos\43_Tang_Nano_20k\95_MSXgoauld_tn20k\jtopl\jtopl_reg.v'
Analyzing Verilog file 'D:\datos\proyectos\43_Tang_Nano_20k\95_MSXgoauld_tn20k\jtopl\jtopl_reg_ch.v'
Analyzing Verilog file 'D:\datos\proyectos\43_Tang_Nano_20k\95_MSXgoauld_tn20k\jtopl\jtopl_sh.v'
Analyzing Verilog file 'D:\datos\proyectos\43_Tang_Nano_20k\95_MSXgoauld_tn20k\jtopl\jtopl_sh_rst.v'
Analyzing Verilog file 'D:\datos\proyectos\43_Tang_Nano_20k\95_MSXgoauld_tn20k\jtopl\jtopl_single_acc.v'
Analyzing Verilog file 'D:\datos\proyectos\43_Tang_Nano_20k\95_MSXgoauld_tn20k\jtopl\jtopl_slot_cnt.v'
Analyzing Verilog file 'D:\datos\proyectos\43_Tang_Nano_20k\95_MSXgoauld_tn20k\jtopl\jtopl_timers.v'
Analyzing Verilog file 'D:\datos\proyectos\43_Tang_Nano_20k\95_MSXgoauld_tn20k\jtopl\jtopll_mmr.v'
Analyzing Verilog file 'D:\datos\proyectos\43_Tang_Nano_20k\95_MSXgoauld_tn20k\jtopl\jtopll_reg.v'
Analyzing Verilog file 'D:\datos\proyectos\43_Tang_Nano_20k\95_MSXgoauld_tn20k\jtopl\jtopll_reg_ch.v'
Analyzing Verilog file 'D:\datos\proyectos\43_Tang_Nano_20k\95_MSXgoauld_tn20k\msx_debug\timing_debug.v'
Analyzing included file 'D:\datos\proyectos\43_Tang_Nano_20k\95_MSXgoauld_tn20k\msx_debug\print.v'("D:\datos\proyectos\43_Tang_Nano_20k\95_MSXgoauld_tn20k\msx_debug\timing_debug.v":146)
Back to file 'D:\datos\proyectos\43_Tang_Nano_20k\95_MSXgoauld_tn20k\msx_debug\timing_debug.v'("D:\datos\proyectos\43_Tang_Nano_20k\95_MSXgoauld_tn20k\msx_debug\timing_debug.v":146)
Analyzing Verilog file 'D:\datos\proyectos\43_Tang_Nano_20k\95_MSXgoauld_tn20k\pulse_min_max\pulse_max.v'
Analyzing Verilog file 'D:\datos\proyectos\43_Tang_Nano_20k\95_MSXgoauld_tn20k\pulse_min_max\pulse_min.v'
Analyzing Verilog file 'D:\datos\proyectos\43_Tang_Nano_20k\95_MSXgoauld_tn20k\src\bios_missing.v'
Analyzing Verilog file 'D:\datos\proyectos\43_Tang_Nano_20k\95_MSXgoauld_tn20k\src\flash_rw.v'
Analyzing Verilog file 'D:\datos\proyectos\43_Tang_Nano_20k\95_MSXgoauld_tn20k\src\gowin\clk_108p.v'
Analyzing Verilog file 'D:\datos\proyectos\43_Tang_Nano_20k\95_MSXgoauld_tn20k\src\gowin\clk_135.v'
Analyzing Verilog file 'D:\datos\proyectos\43_Tang_Nano_20k\95_MSXgoauld_tn20k\src\gowin_clkdiv\gowin_clkdiv.v'
Analyzing Verilog file 'D:\datos\proyectos\43_Tang_Nano_20k\95_MSXgoauld_tn20k\src\hdmi\audio_clock_regeneration_packet.sv'
WARN  (EX2478) : Non-net output port 'clk_audio_counter_wrap' cannot be initialized at declaration in SystemVerilog mode("D:\datos\proyectos\43_Tang_Nano_20k\95_MSXgoauld_tn20k\src\hdmi\audio_clock_regeneration_packet.sv":13)
Analyzing Verilog file 'D:\datos\proyectos\43_Tang_Nano_20k\95_MSXgoauld_tn20k\src\hdmi\audio_info_frame.sv'
Analyzing Verilog file 'D:\datos\proyectos\43_Tang_Nano_20k\95_MSXgoauld_tn20k\src\hdmi\audio_sample_packet.sv'
Analyzing Verilog file 'D:\datos\proyectos\43_Tang_Nano_20k\95_MSXgoauld_tn20k\src\hdmi\auxiliary_video_information_info_frame.sv'
Analyzing Verilog file 'D:\datos\proyectos\43_Tang_Nano_20k\95_MSXgoauld_tn20k\src\hdmi\hdmi.sv'
WARN  (EX3628) : Redeclaration of ANSI port 'tmds_internal' is not allowed("D:\datos\proyectos\43_Tang_Nano_20k\95_MSXgoauld_tn20k\src\hdmi\hdmi.sv":363)
WARN  (EX2478) : Non-net output port 'cx' cannot be initialized at declaration in SystemVerilog mode("D:\datos\proyectos\43_Tang_Nano_20k\95_MSXgoauld_tn20k\src\hdmi\hdmi.sv":82)
WARN  (EX2478) : Non-net output port 'cy' cannot be initialized at declaration in SystemVerilog mode("D:\datos\proyectos\43_Tang_Nano_20k\95_MSXgoauld_tn20k\src\hdmi\hdmi.sv":83)
Analyzing Verilog file 'D:\datos\proyectos\43_Tang_Nano_20k\95_MSXgoauld_tn20k\src\hdmi\packet_assembler.sv'
WARN  (EX2478) : Non-net output port 'counter' cannot be initialized at declaration in SystemVerilog mode("D:\datos\proyectos\43_Tang_Nano_20k\95_MSXgoauld_tn20k\src\hdmi\packet_assembler.sv":11)
Analyzing Verilog file 'D:\datos\proyectos\43_Tang_Nano_20k\95_MSXgoauld_tn20k\src\hdmi\packet_picker.sv'
Analyzing Verilog file 'D:\datos\proyectos\43_Tang_Nano_20k\95_MSXgoauld_tn20k\src\hdmi\serializer.sv'
Analyzing Verilog file 'D:\datos\proyectos\43_Tang_Nano_20k\95_MSXgoauld_tn20k\src\hdmi\source_product_description_info_frame.sv'
Analyzing Verilog file 'D:\datos\proyectos\43_Tang_Nano_20k\95_MSXgoauld_tn20k\src\hdmi\tmds_channel.sv'
WARN  (EX2478) : Non-net output port 'tmds' cannot be initialized at declaration in SystemVerilog mode("D:\datos\proyectos\43_Tang_Nano_20k\95_MSXgoauld_tn20k\src\hdmi\tmds_channel.sv":16)
Analyzing Verilog file 'D:\datos\proyectos\43_Tang_Nano_20k\95_MSXgoauld_tn20k\src\impulse.v'
Analyzing Verilog file 'D:\datos\proyectos\43_Tang_Nano_20k\95_MSXgoauld_tn20k\src\lpf_butter4_8k.v'
Analyzing Verilog file 'D:\datos\proyectos\43_Tang_Nano_20k\95_MSXgoauld_tn20k\src\megaram.v'
Analyzing Verilog file 'D:\datos\proyectos\43_Tang_Nano_20k\95_MSXgoauld_tn20k\src\memory.v'
Analyzing Verilog file 'D:\datos\proyectos\43_Tang_Nano_20k\95_MSXgoauld_tn20k\src\msx2p_debug.v'
Analyzing included file 'D:\datos\proyectos\43_Tang_Nano_20k\95_MSXgoauld_tn20k\src\print.v'("D:\datos\proyectos\43_Tang_Nano_20k\95_MSXgoauld_tn20k\src\msx2p_debug.v":297)
Back to file 'D:\datos\proyectos\43_Tang_Nano_20k\95_MSXgoauld_tn20k\src\msx2p_debug.v'("D:\datos\proyectos\43_Tang_Nano_20k\95_MSXgoauld_tn20k\src\msx2p_debug.v":297)
Analyzing Verilog file 'D:\datos\proyectos\43_Tang_Nano_20k\95_MSXgoauld_tn20k\src\ocm\kanji.v'
Analyzing Verilog file 'D:\datos\proyectos\43_Tang_Nano_20k\95_MSXgoauld_tn20k\src\ocm\rtc.v'
Analyzing Verilog file 'D:\datos\proyectos\43_Tang_Nano_20k\95_MSXgoauld_tn20k\src\ram8k.v'
Analyzing Verilog file 'D:\datos\proyectos\43_Tang_Nano_20k\95_MSXgoauld_tn20k\src\svf_biquad.v'
Analyzing Verilog file 'D:\datos\proyectos\43_Tang_Nano_20k\95_MSXgoauld_tn20k\src\uart_tx.v'
Analyzing Verilog file 'D:\datos\proyectos\43_Tang_Nano_20k\95_MSXgoauld_tn20k\src\wondertang\clockdiv.v'
WARN  (EX2208) : Illegal integral type argument in math function 'pow()', expected real type("D:\datos\proyectos\43_Tang_Nano_20k\95_MSXgoauld_tn20k\src\wondertang\clockdiv.v":38)
Analyzing Verilog file 'D:\datos\proyectos\43_Tang_Nano_20k\95_MSXgoauld_tn20k\src\wondertang\crc16.v'
Analyzing Verilog file 'D:\datos\proyectos\43_Tang_Nano_20k\95_MSXgoauld_tn20k\src\wondertang\dpram.v'
WARN  (EX2208) : Illegal integral type argument in math function 'pow()', expected real type("D:\datos\proyectos\43_Tang_Nano_20k\95_MSXgoauld_tn20k\src\wondertang\dpram.v":21)
Analyzing Verilog file 'D:\datos\proyectos\43_Tang_Nano_20k\95_MSXgoauld_tn20k\src\wondertang\pinfilter.v'
Analyzing Verilog file 'D:\datos\proyectos\43_Tang_Nano_20k\95_MSXgoauld_tn20k\src\wondertang\sd_reader.sv'
Analyzing Verilog file 'D:\datos\proyectos\43_Tang_Nano_20k\95_MSXgoauld_tn20k\src\wondertang\sdcmd_ctrl.sv'
Analyzing Verilog file 'D:\datos\proyectos\43_Tang_Nano_20k\95_MSXgoauld_tn20k\top.v'
Undeclared symbol 'clk_54m', assumed default net type 'wire'("D:\datos\proyectos\43_Tang_Nano_20k\95_MSXgoauld_tn20k\top.v":123)
WARN  (EX2830) : Data object 'bus_clk_3m6_27' is already declared("D:\datos\proyectos\43_Tang_Nano_20k\95_MSXgoauld_tn20k\top.v":138)
Previous declaration of 'bus_clk_3m6_27' is from here("D:\datos\proyectos\43_Tang_Nano_20k\95_MSXgoauld_tn20k\top.v":128)
WARN  (EX3671) : Second declaration of 'bus_clk_3m6_27' is ignored("D:\datos\proyectos\43_Tang_Nano_20k\95_MSXgoauld_tn20k\top.v":138)
WARN  (EX3638) : 'clk_54m' is already implicitly declared on line 123("D:\datos\proyectos\43_Tang_Nano_20k\95_MSXgoauld_tn20k\top.v":167)
Undeclared symbol 'config_reset', assumed default net type 'wire'("D:\datos\proyectos\43_Tang_Nano_20k\95_MSXgoauld_tn20k\top.v":236)
Undeclared symbol 'reset1_n', assumed default net type 'wire'("D:\datos\proyectos\43_Tang_Nano_20k\95_MSXgoauld_tn20k\top.v":331)
Undeclared symbol 'reset2_n', assumed default net type 'wire'("D:\datos\proyectos\43_Tang_Nano_20k\95_MSXgoauld_tn20k\top.v":332)
Undeclared symbol 'io_active', assumed default net type 'wire'("D:\datos\proyectos\43_Tang_Nano_20k\95_MSXgoauld_tn20k\top.v":667)
Undeclared symbol 'flash_idle', assumed default net type 'wire'("D:\datos\proyectos\43_Tang_Nano_20k\95_MSXgoauld_tn20k\top.v":960)
Undeclared symbol 'audio_sample', assumed default net type 'wire'("D:\datos\proyectos\43_Tang_Nano_20k\95_MSXgoauld_tn20k\top.v":1274)
Undeclared symbol 'config_enable_scanlines', assumed default net type 'wire'("D:\datos\proyectos\43_Tang_Nano_20k\95_MSXgoauld_tn20k\top.v":1283)
Undeclared symbol 'VrmDbi2', assumed default net type 'wire'("D:\datos\proyectos\43_Tang_Nano_20k\95_MSXgoauld_tn20k\top.v":1292)
Undeclared symbol 'VrmDbi2_32', assumed default net type 'wire'("D:\datos\proyectos\43_Tang_Nano_20k\95_MSXgoauld_tn20k\top.v":1293)
Undeclared symbol 'VrmDbo32', assumed default net type 'wire'("D:\datos\proyectos\43_Tang_Nano_20k\95_MSXgoauld_tn20k\top.v":1295)
Undeclared symbol 'VrmWmask', assumed default net type 'wire'("D:\datos\proyectos\43_Tang_Nano_20k\95_MSXgoauld_tn20k\top.v":1296)
Undeclared symbol 'VrmWide', assumed default net type 'wire'("D:\datos\proyectos\43_Tang_Nano_20k\95_MSXgoauld_tn20k\top.v":1297)
WARN  (EX3638) : 'VrmDbi2' is already implicitly declared on line 1292("D:\datos\proyectos\43_Tang_Nano_20k\95_MSXgoauld_tn20k\top.v":1386)
WARN  (EX3638) : 'VrmDbi2_32' is already implicitly declared on line 1293("D:\datos\proyectos\43_Tang_Nano_20k\95_MSXgoauld_tn20k\top.v":1387)
WARN  (EX3638) : 'VrmDbo32' is already implicitly declared on line 1295("D:\datos\proyectos\43_Tang_Nano_20k\95_MSXgoauld_tn20k\top.v":1388)
WARN  (EX3638) : 'VrmWmask' is already implicitly declared on line 1296("D:\datos\proyectos\43_Tang_Nano_20k\95_MSXgoauld_tn20k\top.v":1389)
WARN  (EX3638) : 'VrmWide' is already implicitly declared on line 1297("D:\datos\proyectos\43_Tang_Nano_20k\95_MSXgoauld_tn20k\top.v":1390)
WARN  (EX3638) : 'audio_sample' is already implicitly declared on line 1274("D:\datos\proyectos\43_Tang_Nano_20k\95_MSXgoauld_tn20k\top.v":1741)
WARN  (EX3638) : 'config_enable_scanlines' is already implicitly declared on line 1283("D:\datos\proyectos\43_Tang_Nano_20k\95_MSXgoauld_tn20k\top.v":1856)
WARN  (EX3638) : 'config_reset' is already implicitly declared on line 236("D:\datos\proyectos\43_Tang_Nano_20k\95_MSXgoauld_tn20k\top.v":1865)
WARN  (EX3638) : 'flash_idle' is already implicitly declared on line 960("D:\datos\proyectos\43_Tang_Nano_20k\95_MSXgoauld_tn20k\top.v":2079)
Analyzing Verilog file 'D:\datos\proyectos\43_Tang_Nano_20k\95_MSXgoauld_tn20k\vdp\ram.v'
Analyzing Verilog file 'D:\datos\proyectos\43_Tang_Nano_20k\95_MSXgoauld_tn20k\vdp\vdp.v'
Analyzing included file 'D:\datos\proyectos\43_Tang_Nano_20k\95_MSXgoauld_tn20k\vdp\vdp_config.vh'("D:\datos\proyectos\43_Tang_Nano_20k\95_MSXgoauld_tn20k\vdp\vdp.v":15)
Back to file 'D:\datos\proyectos\43_Tang_Nano_20k\95_MSXgoauld_tn20k\vdp\vdp.v'("D:\datos\proyectos\43_Tang_Nano_20k\95_MSXgoauld_tn20k\vdp\vdp.v":15)
Analyzing included file 'D:\datos\proyectos\43_Tang_Nano_20k\95_MSXgoauld_tn20k\vdp\vdp_package.vh'("D:\datos\proyectos\43_Tang_Nano_20k\95_MSXgoauld_tn20k\vdp\vdp.v":75)
Back to file 'D:\datos\proyectos\43_Tang_Nano_20k\95_MSXgoauld_tn20k\vdp\vdp.v'("D:\datos\proyectos\43_Tang_Nano_20k\95_MSXgoauld_tn20k\vdp\vdp.v":75)
Analyzing Verilog file 'D:\datos\proyectos\43_Tang_Nano_20k\95_MSXgoauld_tn20k\vdp\vdp_colordec.v'
Analyzing included file 'D:\datos\proyectos\43_Tang_Nano_20k\95_MSXgoauld_tn20k\vdp\vdp_config.vh'("D:\datos\proyectos\43_Tang_Nano_20k\95_MSXgoauld_tn20k\vdp\vdp_colordec.v":12)
Back to file 'D:\datos\proyectos\43_Tang_Nano_20k\95_MSXgoauld_tn20k\vdp\vdp_colordec.v'("D:\datos\proyectos\43_Tang_Nano_20k\95_MSXgoauld_tn20k\vdp\vdp_colordec.v":12)
Analyzing Verilog file 'D:\datos\proyectos\43_Tang_Nano_20k\95_MSXgoauld_tn20k\vdp\vdp_command.v'
Analyzing Verilog file 'D:\datos\proyectos\43_Tang_Nano_20k\95_MSXgoauld_tn20k\vdp\vdp_command_cache.v'
Analyzing Verilog file 'D:\datos\proyectos\43_Tang_Nano_20k\95_MSXgoauld_tn20k\vdp\vdp_doublebuf.v'
Analyzing Verilog file 'D:\datos\proyectos\43_Tang_Nano_20k\95_MSXgoauld_tn20k\vdp\vdp_graphic123m.v'
Analyzing Verilog file 'D:\datos\proyectos\43_Tang_Nano_20k\95_MSXgoauld_tn20k\vdp\vdp_graphic4567.v'
Analyzing Verilog file 'D:\datos\proyectos\43_Tang_Nano_20k\95_MSXgoauld_tn20k\vdp\vdp_hvcounter.v'
Analyzing included file 'D:\datos\proyectos\43_Tang_Nano_20k\95_MSXgoauld_tn20k\vdp\vdp_package.vh'("D:\datos\proyectos\43_Tang_Nano_20k\95_MSXgoauld_tn20k\vdp\vdp_hvcounter.v":36)
Back to file 'D:\datos\proyectos\43_Tang_Nano_20k\95_MSXgoauld_tn20k\vdp\vdp_hvcounter.v'("D:\datos\proyectos\43_Tang_Nano_20k\95_MSXgoauld_tn20k\vdp\vdp_hvcounter.v":36)
Analyzing Verilog file 'D:\datos\proyectos\43_Tang_Nano_20k\95_MSXgoauld_tn20k\vdp\vdp_interrupt.v'
Analyzing included file 'D:\datos\proyectos\43_Tang_Nano_20k\95_MSXgoauld_tn20k\vdp\vdp_package.vh'("D:\datos\proyectos\43_Tang_Nano_20k\95_MSXgoauld_tn20k\vdp\vdp_interrupt.v":31)
Back to file 'D:\datos\proyectos\43_Tang_Nano_20k\95_MSXgoauld_tn20k\vdp\vdp_interrupt.v'("D:\datos\proyectos\43_Tang_Nano_20k\95_MSXgoauld_tn20k\vdp\vdp_interrupt.v":31)
Analyzing Verilog file 'D:\datos\proyectos\43_Tang_Nano_20k\95_MSXgoauld_tn20k\vdp\vdp_linebuf.v'
Analyzing Verilog file 'D:\datos\proyectos\43_Tang_Nano_20k\95_MSXgoauld_tn20k\vdp\vdp_ntsc_pal.v'
Analyzing Verilog file 'D:\datos\proyectos\43_Tang_Nano_20k\95_MSXgoauld_tn20k\vdp\vdp_register.v'
Analyzing included file 'D:\datos\proyectos\43_Tang_Nano_20k\95_MSXgoauld_tn20k\vdp\vdp_config.vh'("D:\datos\proyectos\43_Tang_Nano_20k\95_MSXgoauld_tn20k\vdp\vdp_register.v":10)
Back to file 'D:\datos\proyectos\43_Tang_Nano_20k\95_MSXgoauld_tn20k\vdp\vdp_register.v'("D:\datos\proyectos\43_Tang_Nano_20k\95_MSXgoauld_tn20k\vdp\vdp_register.v":10)
Analyzing Verilog file 'D:\datos\proyectos\43_Tang_Nano_20k\95_MSXgoauld_tn20k\vdp\vdp_spinforam.v'
Analyzing Verilog file 'D:\datos\proyectos\43_Tang_Nano_20k\95_MSXgoauld_tn20k\vdp\vdp_sprite.v'
Analyzing Verilog file 'D:\datos\proyectos\43_Tang_Nano_20k\95_MSXgoauld_tn20k\vdp\vdp_sprite_m3.v'
Analyzing Verilog file 'D:\datos\proyectos\43_Tang_Nano_20k\95_MSXgoauld_tn20k\vdp\vdp_ssg.v'
Analyzing included file 'D:\datos\proyectos\43_Tang_Nano_20k\95_MSXgoauld_tn20k\vdp\vdp_package.vh'("D:\datos\proyectos\43_Tang_Nano_20k\95_MSXgoauld_tn20k\vdp\vdp_ssg.v":54)
Back to file 'D:\datos\proyectos\43_Tang_Nano_20k\95_MSXgoauld_tn20k\vdp\vdp_ssg.v'("D:\datos\proyectos\43_Tang_Nano_20k\95_MSXgoauld_tn20k\vdp\vdp_ssg.v":54)
Analyzing Verilog file 'D:\datos\proyectos\43_Tang_Nano_20k\95_MSXgoauld_tn20k\vdp\vdp_text12.v'
Analyzing Verilog file 'D:\datos\proyectos\43_Tang_Nano_20k\95_MSXgoauld_tn20k\vdp\vdp_top.v'
Undeclared symbol 'clk_108m', assumed default net type 'wire'("D:\datos\proyectos\43_Tang_Nano_20k\95_MSXgoauld_tn20k\vdp\vdp_top.v":71)
Undeclared symbol 'clk_108m_n', assumed default net type 'wire'("D:\datos\proyectos\43_Tang_Nano_20k\95_MSXgoauld_tn20k\vdp\vdp_top.v":72)
Undeclared symbol 'rst_n', assumed default net type 'wire'("D:\datos\proyectos\43_Tang_Nano_20k\95_MSXgoauld_tn20k\vdp\vdp_top.v":138)
Undeclared symbol 'clk_135', assumed default net type 'wire'("D:\datos\proyectos\43_Tang_Nano_20k\95_MSXgoauld_tn20k\vdp\vdp_top.v":143)
Undeclared symbol 'cpuclk_w', assumed default net type 'wire'("D:\datos\proyectos\43_Tang_Nano_20k\95_MSXgoauld_tn20k\vdp\vdp_top.v":370)
Undeclared symbol 'clk_audio_w', assumed default net type 'wire'("D:\datos\proyectos\43_Tang_Nano_20k\95_MSXgoauld_tn20k\vdp\vdp_top.v":437)
Analyzing Verilog file 'D:\datos\proyectos\43_Tang_Nano_20k\95_MSXgoauld_tn20k\vdp\vdp_vga.v'
Analyzing Verilog file 'D:\datos\proyectos\43_Tang_Nano_20k\95_MSXgoauld_tn20k\vdp\vdp_wait_control.v'
Analyzing Verilog file 'D:\datos\proyectos\43_Tang_Nano_20k\95_MSXgoauld_tn20k\vdp\vencode.v'
Analyzing VHDL file 'D:\datos\proyectos\43_Tang_Nano_20k\95_MSXgoauld_tn20k\G80A\t80_pack.vhd'
Analyzing package 't80_pack'("D:\datos\proyectos\43_Tang_Nano_20k\95_MSXgoauld_tn20k\G80A\t80_pack.vhd":58)
Analyzing VHDL file 'D:\datos\proyectos\43_Tang_Nano_20k\95_MSXgoauld_tn20k\G80A\T80s.vhd'
Analyzing entity 't80s'("D:\datos\proyectos\43_Tang_Nano_20k\95_MSXgoauld_tn20k\G80A\T80s.vhd":73)
Analyzing architecture 'rtl'("D:\datos\proyectos\43_Tang_Nano_20k\95_MSXgoauld_tn20k\G80A\T80s.vhd":102)
Analyzing VHDL file 'D:\datos\proyectos\43_Tang_Nano_20k\95_MSXgoauld_tn20k\G80A\g80a.vhd'
Analyzing entity 'g80a'("D:\datos\proyectos\43_Tang_Nano_20k\95_MSXgoauld_tn20k\G80A\g80a.vhd":69)
Analyzing architecture 'rtl'("D:\datos\proyectos\43_Tang_Nano_20k\95_MSXgoauld_tn20k\G80A\g80a.vhd":99)
Analyzing VHDL file 'D:\datos\proyectos\43_Tang_Nano_20k\95_MSXgoauld_tn20k\G80A\t80.vhd'
Analyzing entity 't80'("D:\datos\proyectos\43_Tang_Nano_20k\95_MSXgoauld_tn20k\G80A\t80.vhd":73)
Analyzing architecture 'rtl'("D:\datos\proyectos\43_Tang_Nano_20k\95_MSXgoauld_tn20k\G80A\t80.vhd":114)
Analyzing VHDL file 'D:\datos\proyectos\43_Tang_Nano_20k\95_MSXgoauld_tn20k\G80A\t80_alu.vhd'
Analyzing entity 't80_alu'("D:\datos\proyectos\43_Tang_Nano_20k\95_MSXgoauld_tn20k\G80A\t80_alu.vhd":65)
Analyzing architecture 'rtl'("D:\datos\proyectos\43_Tang_Nano_20k\95_MSXgoauld_tn20k\G80A\t80_alu.vhd":92)
Analyzing VHDL file 'D:\datos\proyectos\43_Tang_Nano_20k\95_MSXgoauld_tn20k\G80A\t80_mcode.vhd'
Analyzing entity 't80_mcode'("D:\datos\proyectos\43_Tang_Nano_20k\95_MSXgoauld_tn20k\G80A\t80_mcode.vhd":71)
Analyzing architecture 'rtl'("D:\datos\proyectos\43_Tang_Nano_20k\95_MSXgoauld_tn20k\G80A\t80_mcode.vhd":143)
Analyzing VHDL file 'D:\datos\proyectos\43_Tang_Nano_20k\95_MSXgoauld_tn20k\G80A\t80_reg.vhd'
Analyzing entity 't80_reg'("D:\datos\proyectos\43_Tang_Nano_20k\95_MSXgoauld_tn20k\G80A\t80_reg.vhd":61)
Analyzing architecture 'rtl'("D:\datos\proyectos\43_Tang_Nano_20k\95_MSXgoauld_tn20k\G80A\t80_reg.vhd":81)
Analyzing VHDL file 'D:\datos\proyectos\43_Tang_Nano_20k\95_MSXgoauld_tn20k\PSG_YM2149\YM2149.vhdl'
Analyzing entity 'ym2149'("D:\datos\proyectos\43_Tang_Nano_20k\95_MSXgoauld_tn20k\PSG_YM2149\YM2149.vhdl":62)
Analyzing architecture 'rtl'("D:\datos\proyectos\43_Tang_Nano_20k\95_MSXgoauld_tn20k\PSG_YM2149\YM2149.vhdl":94)
Analyzing VHDL file 'D:\datos\proyectos\43_Tang_Nano_20k\95_MSXgoauld_tn20k\denoise\denoise.vhd'
Analyzing entity 'denoise'("D:\datos\proyectos\43_Tang_Nano_20k\95_MSXgoauld_tn20k\denoise\denoise.vhd":5)
Analyzing architecture 'rtl'("D:\datos\proyectos\43_Tang_Nano_20k\95_MSXgoauld_tn20k\denoise\denoise.vhd":15)
Analyzing VHDL file 'D:\datos\proyectos\43_Tang_Nano_20k\95_MSXgoauld_tn20k\monostable\monostable.vhd'
Analyzing entity 'monostable'("D:\datos\proyectos\43_Tang_Nano_20k\95_MSXgoauld_tn20k\monostable\monostable.vhd":7)
Analyzing architecture 'rtl'("D:\datos\proyectos\43_Tang_Nano_20k\95_MSXgoauld_tn20k\monostable\monostable.vhd":18)
Analyzing VHDL file 'D:\datos\proyectos\43_Tang_Nano_20k\95_MSXgoauld_tn20k\src\gowin_clkdiv2\gowin_clkdiv2.vhd'
Analyzing entity 'gowin_clkdiv2'("D:\datos\proyectos\43_Tang_Nano_20k\95_MSXgoauld_tn20k\src\gowin_clkdiv2\gowin_clkdiv2.vhd":13)
Analyzing architecture 'behavioral'("D:\datos\proyectos\43_Tang_Nano_20k\95_MSXgoauld_tn20k\src\gowin_clkdiv2\gowin_clkdiv2.vhd":21)
Analyzing VHDL file 'D:\datos\proyectos\43_Tang_Nano_20k\95_MSXgoauld_tn20k\src\ocm\fifo.vhd'
Analyzing entity 'fifo'("D:\datos\proyectos\43_Tang_Nano_20k\95_MSXgoauld_tn20k\src\ocm\fifo.vhd":53)
Analyzing architecture 'behavioral'("D:\datos\proyectos\43_Tang_Nano_20k\95_MSXgoauld_tn20k\src\ocm\fifo.vhd":78)
Analyzing VHDL file 'D:\datos\proyectos\43_Tang_Nano_20k\95_MSXgoauld_tn20k\src\ocm\lpf.vhd'
Analyzing entity 'lpf1'("D:\datos\proyectos\43_Tang_Nano_20k\95_MSXgoauld_tn20k\src\ocm\lpf.vhd":39)
Analyzing architecture 'rtl'("D:\datos\proyectos\43_Tang_Nano_20k\95_MSXgoauld_tn20k\src\ocm\lpf.vhd":52)
Analyzing entity 'lpf2'("D:\datos\proyectos\43_Tang_Nano_20k\95_MSXgoauld_tn20k\src\ocm\lpf.vhd":102)
Analyzing architecture 'rtl'("D:\datos\proyectos\43_Tang_Nano_20k\95_MSXgoauld_tn20k\src\ocm\lpf.vhd":115)
Analyzing entity 'interpo_mul'("D:\datos\proyectos\43_Tang_Nano_20k\95_MSXgoauld_tn20k\src\ocm\lpf.vhd":183)
Analyzing architecture 'rtl'("D:\datos\proyectos\43_Tang_Nano_20k\95_MSXgoauld_tn20k\src\ocm\lpf.vhd":194)
Analyzing entity 'interpo'("D:\datos\proyectos\43_Tang_Nano_20k\95_MSXgoauld_tn20k\src\ocm\lpf.vhd":206)
Analyzing architecture 'rtl'("D:\datos\proyectos\43_Tang_Nano_20k\95_MSXgoauld_tn20k\src\ocm\lpf.vhd":219)
Analyzing VHDL file 'D:\datos\proyectos\43_Tang_Nano_20k\95_MSXgoauld_tn20k\src\ocm\scc_wave2.vhd'
Analyzing entity 'scc_wave_mul'("D:\datos\proyectos\43_Tang_Nano_20k\95_MSXgoauld_tn20k\src\ocm\scc_wave2.vhd":39)
Analyzing architecture 'rtl'("D:\datos\proyectos\43_Tang_Nano_20k\95_MSXgoauld_tn20k\src\ocm\scc_wave2.vhd":47)
Analyzing entity 'scc_mix_mul'("D:\datos\proyectos\43_Tang_Nano_20k\95_MSXgoauld_tn20k\src\ocm\scc_wave2.vhd":59)
Analyzing architecture 'rtl'("D:\datos\proyectos\43_Tang_Nano_20k\95_MSXgoauld_tn20k\src\ocm\scc_wave2.vhd":67)
Analyzing entity 'scc_wave2'("D:\datos\proyectos\43_Tang_Nano_20k\95_MSXgoauld_tn20k\src\ocm\scc_wave2.vhd":79)
Analyzing architecture 'rtl'("D:\datos\proyectos\43_Tang_Nano_20k\95_MSXgoauld_tn20k\src\ocm\scc_wave2.vhd":94)
Analyzing VHDL file 'D:\datos\proyectos\43_Tang_Nano_20k\95_MSXgoauld_tn20k\src\ocm\swioports.vhd'
WARN  (EX4760) : 'vdp_package' is not compiled in library 'work'("D:\datos\proyectos\43_Tang_Nano_20k\95_MSXgoauld_tn20k\src\ocm\swioports.vhd":36)
Analyzing entity 'switched_io_ports'("D:\datos\proyectos\43_Tang_Nano_20k\95_MSXgoauld_tn20k\src\ocm\swioports.vhd":38)
Analyzing architecture 'rtl'("D:\datos\proyectos\43_Tang_Nano_20k\95_MSXgoauld_tn20k\src\ocm\swioports.vhd":125)
Analyzing VHDL file 'D:\datos\proyectos\43_Tang_Nano_20k\95_MSXgoauld_tn20k\src\ocm\uart_lite.vhd'
Analyzing entity 'uart'("D:\datos\proyectos\43_Tang_Nano_20k\95_MSXgoauld_tn20k\src\ocm\uart_lite.vhd":43)
Analyzing architecture 'rtl'("D:\datos\proyectos\43_Tang_Nano_20k\95_MSXgoauld_tn20k\src\ocm\uart_lite.vhd":58)
Analyzing VHDL file 'D:\datos\proyectos\43_Tang_Nano_20k\95_MSXgoauld_tn20k\src\ocm\wifi_lite.vhd'
Analyzing entity 'wifi'("D:\datos\proyectos\43_Tang_Nano_20k\95_MSXgoauld_tn20k\src\ocm\wifi_lite.vhd":97)
Analyzing architecture 'behavior'("D:\datos\proyectos\43_Tang_Nano_20k\95_MSXgoauld_tn20k\src\ocm\wifi_lite.vhd":113)
WARN  (EX3073) : Port 'io41_id212_n' remains unconnected for this instance("D:\datos\proyectos\43_Tang_Nano_20k\95_MSXgoauld_tn20k\top.v":2537)
Compiling module 'top'("D:\datos\proyectos\43_Tang_Nano_20k\95_MSXgoauld_tn20k\top.v":15)
Compiling module 'CLK_108P'("D:\datos\proyectos\43_Tang_Nano_20k\95_MSXgoauld_tn20k\src\gowin\clk_108p.v":10)
WARN  (EX3670) : Actual bit length 32 differs from formal bit length 1 for port 'reset'("D:\datos\proyectos\43_Tang_Nano_20k\95_MSXgoauld_tn20k\top.v":101)
WARN  (EX3791) : Expression size 3 truncated to fit in target size 2("D:\datos\proyectos\43_Tang_Nano_20k\95_MSXgoauld_tn20k\top.v":109)
Compiling module 'Gowin_CLKDIV'("D:\datos\proyectos\43_Tang_Nano_20k\95_MSXgoauld_tn20k\src\gowin_clkdiv\gowin_clkdiv.v":10)
WARN  (EX3670) : Actual bit length 32 differs from formal bit length 1 for port 'resetn'("D:\datos\proyectos\43_Tang_Nano_20k\95_MSXgoauld_tn20k\top.v":118)
Compiling module 'PINFILTER'("D:\datos\proyectos\43_Tang_Nano_20k\95_MSXgoauld_tn20k\src\wondertang\pinfilter.v":1)
WARN  (EX3670) : Actual bit length 32 differs from formal bit length 1 for port 'reset_n'("D:\datos\proyectos\43_Tang_Nano_20k\95_MSXgoauld_tn20k\top.v":124)
Switching to VHDL mode to elaborate design unit 'Gowin_CLKDIV2'("D:\datos\proyectos\43_Tang_Nano_20k\95_MSXgoauld_tn20k\top.v":172)
Processing 'Gowin_CLKDIV2(Behavioral)'("D:\datos\proyectos\43_Tang_Nano_20k\95_MSXgoauld_tn20k\src\gowin_clkdiv2\gowin_clkdiv2.vhd":13)
WARN  (EX3670) : Actual bit length 32 differs from formal bit length 1 for port 'resetn'("D:\datos\proyectos\43_Tang_Nano_20k\95_MSXgoauld_tn20k\top.v":171)
Returning to Verilog mode to proceed with elaboration("D:\datos\proyectos\43_Tang_Nano_20k\95_MSXgoauld_tn20k\top.v":172)
WARN  (EX3670) : Actual bit length 32 differs from formal bit length 1 for port 'reset_n'("D:\datos\proyectos\43_Tang_Nano_20k\95_MSXgoauld_tn20k\top.v":227)
WARN  (EX3670) : Actual bit length 32 differs from formal bit length 1 for port 'reset_n'("D:\datos\proyectos\43_Tang_Nano_20k\95_MSXgoauld_tn20k\top.v":235)
Switching to VHDL mode to elaborate design unit 'denoise'("D:\datos\proyectos\43_Tang_Nano_20k\95_MSXgoauld_tn20k\top.v":251)
Processing 'denoise(rtl)'("D:\datos\proyectos\43_Tang_Nano_20k\95_MSXgoauld_tn20k\denoise\denoise.vhd":5)
Returning to Verilog mode to proceed with elaboration("D:\datos\proyectos\43_Tang_Nano_20k\95_MSXgoauld_tn20k\top.v":251)
WARN  (EX3670) : Actual bit length 32 differs from formal bit length 1 for port 'reset_n'("D:\datos\proyectos\43_Tang_Nano_20k\95_MSXgoauld_tn20k\top.v":260)
WARN  (EX3670) : Actual bit length 32 differs from formal bit length 1 for port 'reset_n'("D:\datos\proyectos\43_Tang_Nano_20k\95_MSXgoauld_tn20k\top.v":260)
WARN  (EX3670) : Actual bit length 32 differs from formal bit length 1 for port 'reset_n'("D:\datos\proyectos\43_Tang_Nano_20k\95_MSXgoauld_tn20k\top.v":260)
WARN  (EX3670) : Actual bit length 32 differs from formal bit length 1 for port 'reset_n'("D:\datos\proyectos\43_Tang_Nano_20k\95_MSXgoauld_tn20k\top.v":260)
WARN  (EX3670) : Actual bit length 32 differs from formal bit length 1 for port 'reset_n'("D:\datos\proyectos\43_Tang_Nano_20k\95_MSXgoauld_tn20k\top.v":260)
WARN  (EX3670) : Actual bit length 32 differs from formal bit length 1 for port 'reset_n'("D:\datos\proyectos\43_Tang_Nano_20k\95_MSXgoauld_tn20k\top.v":260)
WARN  (EX3670) : Actual bit length 32 differs from formal bit length 1 for port 'reset_n'("D:\datos\proyectos\43_Tang_Nano_20k\95_MSXgoauld_tn20k\top.v":260)
WARN  (EX3670) : Actual bit length 32 differs from formal bit length 1 for port 'reset_n'("D:\datos\proyectos\43_Tang_Nano_20k\95_MSXgoauld_tn20k\top.v":260)
WARN  (EX3791) : Expression size 22 truncated to fit in target size 21("D:\datos\proyectos\43_Tang_Nano_20k\95_MSXgoauld_tn20k\top.v":296)
WARN  (EX3791) : Expression size 32 truncated to fit in target size 7("D:\datos\proyectos\43_Tang_Nano_20k\95_MSXgoauld_tn20k\top.v":778)
Switching to VHDL mode to elaborate design unit 'G80a'("D:\datos\proyectos\43_Tang_Nano_20k\95_MSXgoauld_tn20k\top.v":981)
Processing 'G80a(rtl)'("D:\datos\proyectos\43_Tang_Nano_20k\95_MSXgoauld_tn20k\G80A\g80a.vhd":69)
Processing 'T80(iowait=1)(rtl)'("D:\datos\proyectos\43_Tang_Nano_20k\95_MSXgoauld_tn20k\G80A\t80.vhd":73)
Processing 'T80_MCode(rtl)'("D:\datos\proyectos\43_Tang_Nano_20k\95_MSXgoauld_tn20k\G80A\t80_mcode.vhd":71)
Processing 'T80_ALU(rtl)'("D:\datos\proyectos\43_Tang_Nano_20k\95_MSXgoauld_tn20k\G80A\t80_alu.vhd":65)
Processing 'T80_Reg(rtl)'("D:\datos\proyectos\43_Tang_Nano_20k\95_MSXgoauld_tn20k\G80A\t80_reg.vhd":61)
Extracting RAM for identifier 'RegsH'("D:\datos\proyectos\43_Tang_Nano_20k\95_MSXgoauld_tn20k\G80A\t80_reg.vhd":84)
Extracting RAM for identifier 'RegsL'("D:\datos\proyectos\43_Tang_Nano_20k\95_MSXgoauld_tn20k\G80A\t80_reg.vhd":85)
WARN  (EX3670) : Actual bit length 32 differs from formal bit length 1 for port 'NMI_n'("D:\datos\proyectos\43_Tang_Nano_20k\95_MSXgoauld_tn20k\top.v":966)
WARN  (EX3670) : Actual bit length 32 differs from formal bit length 1 for port 'BUSRQ_n'("D:\datos\proyectos\43_Tang_Nano_20k\95_MSXgoauld_tn20k\top.v":967)
Returning to Verilog mode to proceed with elaboration("D:\datos\proyectos\43_Tang_Nano_20k\95_MSXgoauld_tn20k\top.v":981)
Compiling module 'ram8k'("D:\datos\proyectos\43_Tang_Nano_20k\95_MSXgoauld_tn20k\src\ram8k.v":1)
Extracting RAM for identifier 'mem_r'("D:\datos\proyectos\43_Tang_Nano_20k\95_MSXgoauld_tn20k\src\ram8k.v":9)
Compiling module 'bios_missing'("D:\datos\proyectos\43_Tang_Nano_20k\95_MSXgoauld_tn20k\src\bios_missing.v":14)
Extracting RAM for identifier 'mem_r'("D:\datos\proyectos\43_Tang_Nano_20k\95_MSXgoauld_tn20k\src\bios_missing.v":20)
Switching to VHDL mode to elaborate design unit 'wifi'("D:\datos\proyectos\43_Tang_Nano_20k\95_MSXgoauld_tn20k\top.v":1208)
Processing 'wifi(Behavior)'("D:\datos\proyectos\43_Tang_Nano_20k\95_MSXgoauld_tn20k\src\ocm\wifi_lite.vhd":97)
Processing 'UART(RTL)'("D:\datos\proyectos\43_Tang_Nano_20k\95_MSXgoauld_tn20k\src\ocm\uart_lite.vhd":43)
Processing 'FIFO(fifo_depth=2080)(Behavioral)'("D:\datos\proyectos\43_Tang_Nano_20k\95_MSXgoauld_tn20k\src\ocm\fifo.vhd":53)
Extracting RAM for identifier 'memory'("D:\datos\proyectos\43_Tang_Nano_20k\95_MSXgoauld_tn20k\src\ocm\fifo.vhd":80)
'others' clause is never selected("D:\datos\proyectos\43_Tang_Nano_20k\95_MSXgoauld_tn20k\src\ocm\wifi_lite.vhd":322)
'others' clause is never selected("D:\datos\proyectos\43_Tang_Nano_20k\95_MSXgoauld_tn20k\src\ocm\wifi_lite.vhd":475)
WARN  (EX1998) : Net 'out_uart_status[5]' does not have a driver("D:\datos\proyectos\43_Tang_Nano_20k\95_MSXgoauld_tn20k\src\ocm\wifi_lite.vhd":171)
Returning to Verilog mode to proceed with elaboration("D:\datos\proyectos\43_Tang_Nano_20k\95_MSXgoauld_tn20k\top.v":1208)
Compiling module 'rtc'("D:\datos\proyectos\43_Tang_Nano_20k\95_MSXgoauld_tn20k\src\ocm\rtc.v":53)
Compiling module 'ram'("D:\datos\proyectos\43_Tang_Nano_20k\95_MSXgoauld_tn20k\vdp\ram.v":14)
Extracting RAM for identifier 'blkram'("D:\datos\proyectos\43_Tang_Nano_20k\95_MSXgoauld_tn20k\vdp\ram.v":21)
WARN  (EX3670) : Actual bit length 32 differs from formal bit length 1 for port 'reset'("D:\datos\proyectos\43_Tang_Nano_20k\95_MSXgoauld_tn20k\top.v":1230)
WARN  (EX3073) : Port 'frame_width' remains unconnected for this instance("D:\datos\proyectos\43_Tang_Nano_20k\95_MSXgoauld_tn20k\vdp\vdp_top.v":479)
WARN  (EX3073) : Port 'frame_width' remains unconnected for this instance("D:\datos\proyectos\43_Tang_Nano_20k\95_MSXgoauld_tn20k\vdp\vdp_top.v":505)
WARN  (EX3073) : Port 'tmds_clock' remains unconnected for this instance("D:\datos\proyectos\43_Tang_Nano_20k\95_MSXgoauld_tn20k\vdp\vdp_top.v":516)
Compiling module 'vdp_top'("D:\datos\proyectos\43_Tang_Nano_20k\95_MSXgoauld_tn20k\vdp\vdp_top.v":3)
Compiling module 'CLK_135'("D:\datos\proyectos\43_Tang_Nano_20k\95_MSXgoauld_tn20k\src\gowin\clk_135.v":10)
Compiling module 'VDP'("D:\datos\proyectos\43_Tang_Nano_20k\95_MSXgoauld_tn20k\vdp\vdp.v":17)
Compiling module 'VDP_NTSC_PAL'("D:\datos\proyectos\43_Tang_Nano_20k\95_MSXgoauld_tn20k\vdp\vdp_ntsc_pal.v":12)
Compiling module 'VDP_VGA'("D:\datos\proyectos\43_Tang_Nano_20k\95_MSXgoauld_tn20k\vdp\vdp_vga.v":13)
Compiling module 'VDP_DOUBLEBUF'("D:\datos\proyectos\43_Tang_Nano_20k\95_MSXgoauld_tn20k\vdp\vdp_doublebuf.v":22)
Compiling module 'VDP_LINEBUF'("D:\datos\proyectos\43_Tang_Nano_20k\95_MSXgoauld_tn20k\vdp\vdp_linebuf.v":11)
Extracting RAM for identifier 'IMEM'("D:\datos\proyectos\43_Tang_Nano_20k\95_MSXgoauld_tn20k\vdp\vdp_linebuf.v":21)
Compiling module 'VDP_INTERRUPT'("D:\datos\proyectos\43_Tang_Nano_20k\95_MSXgoauld_tn20k\vdp\vdp_interrupt.v":11)
Compiling module 'VDP_SSG'("D:\datos\proyectos\43_Tang_Nano_20k\95_MSXgoauld_tn20k\vdp\vdp_ssg.v":15)
Compiling module 'VDP_HVCOUNTER'("D:\datos\proyectos\43_Tang_Nano_20k\95_MSXgoauld_tn20k\vdp\vdp_hvcounter.v":15)
Compiling module 'VDP_COLORDEC'("D:\datos\proyectos\43_Tang_Nano_20k\95_MSXgoauld_tn20k\vdp\vdp_colordec.v":14)
Compiling module 'VDP_TEXT12'("D:\datos\proyectos\43_Tang_Nano_20k\95_MSXgoauld_tn20k\vdp\vdp_text12.v":15)
Compiling module 'VDP_GRAPHIC123M'("D:\datos\proyectos\43_Tang_Nano_20k\95_MSXgoauld_tn20k\vdp\vdp_graphic123m.v":14)
Compiling module 'VDP_GRAPHIC4567'("D:\datos\proyectos\43_Tang_Nano_20k\95_MSXgoauld_tn20k\vdp\vdp_graphic4567.v":16)
Compiling module 'VDP_SPRITE'("D:\datos\proyectos\43_Tang_Nano_20k\95_MSXgoauld_tn20k\vdp\vdp_sprite.v":15)
Compiling module 'VDP_SPINFORAM'("D:\datos\proyectos\43_Tang_Nano_20k\95_MSXgoauld_tn20k\vdp\vdp_spinforam.v":23)
Extracting RAM for identifier 'IMEM'("D:\datos\proyectos\43_Tang_Nano_20k\95_MSXgoauld_tn20k\vdp\vdp_spinforam.v":31)
Compiling module 'ram9'("D:\datos\proyectos\43_Tang_Nano_20k\95_MSXgoauld_tn20k\vdp\ram.v":36)
Extracting RAM for identifier 'blkram'("D:\datos\proyectos\43_Tang_Nano_20k\95_MSXgoauld_tn20k\vdp\ram.v":43)
WARN  (EX3791) : Expression size 10 truncated to fit in target size 9("D:\datos\proyectos\43_Tang_Nano_20k\95_MSXgoauld_tn20k\vdp\vdp_sprite.v":662)
WARN  (EX3791) : Expression size 10 truncated to fit in target size 9("D:\datos\proyectos\43_Tang_Nano_20k\95_MSXgoauld_tn20k\vdp\vdp_sprite.v":664)
Compiling module 'VDP_REGISTER'("D:\datos\proyectos\43_Tang_Nano_20k\95_MSXgoauld_tn20k\vdp\vdp_register.v":12)
Compiling module 'palette_rb'("D:\datos\proyectos\43_Tang_Nano_20k\95_MSXgoauld_tn20k\vdp\ram.v":56)
Extracting RAM for identifier 'blkram'("D:\datos\proyectos\43_Tang_Nano_20k\95_MSXgoauld_tn20k\vdp\ram.v":63)
Compiling module 'palette_g'("D:\datos\proyectos\43_Tang_Nano_20k\95_MSXgoauld_tn20k\vdp\ram.v":85)
Extracting RAM for identifier 'blkram'("D:\datos\proyectos\43_Tang_Nano_20k\95_MSXgoauld_tn20k\vdp\ram.v":92)
Compiling module 'VDP_COMMAND'("D:\datos\proyectos\43_Tang_Nano_20k\95_MSXgoauld_tn20k\vdp\vdp_command.v":17)
WARN  (EX3791) : Expression size 13 truncated to fit in target size 11("D:\datos\proyectos\43_Tang_Nano_20k\95_MSXgoauld_tn20k\vdp\vdp_command.v":656)
WARN  (EX3791) : Expression size 13 truncated to fit in target size 11("D:\datos\proyectos\43_Tang_Nano_20k\95_MSXgoauld_tn20k\vdp\vdp_command.v":691)
WARN  (EX3791) : Expression size 13 truncated to fit in target size 11("D:\datos\proyectos\43_Tang_Nano_20k\95_MSXgoauld_tn20k\vdp\vdp_command.v":775)
Compiling module 'VDP_WAIT_CONTROL'("D:\datos\proyectos\43_Tang_Nano_20k\95_MSXgoauld_tn20k\vdp\vdp_wait_control.v":11)
Extracting RAM for identifier 'C_WAIT_TABLE_501'("D:\datos\proyectos\43_Tang_Nano_20k\95_MSXgoauld_tn20k\vdp\vdp_wait_control.v":34)
Extracting RAM for identifier 'C_WAIT_TABLE_502'("D:\datos\proyectos\43_Tang_Nano_20k\95_MSXgoauld_tn20k\vdp\vdp_wait_control.v":35)
Extracting RAM for identifier 'C_WAIT_TABLE_503'("D:\datos\proyectos\43_Tang_Nano_20k\95_MSXgoauld_tn20k\vdp\vdp_wait_control.v":36)
Extracting RAM for identifier 'C_WAIT_TABLE_504'("D:\datos\proyectos\43_Tang_Nano_20k\95_MSXgoauld_tn20k\vdp\vdp_wait_control.v":37)
Extracting RAM for identifier 'C_WAIT_TABLE_505'("D:\datos\proyectos\43_Tang_Nano_20k\95_MSXgoauld_tn20k\vdp\vdp_wait_control.v":38)
Extracting RAM for identifier 'C_WAIT_TABLE_601'("D:\datos\proyectos\43_Tang_Nano_20k\95_MSXgoauld_tn20k\vdp\vdp_wait_control.v":39)
Extracting RAM for identifier 'C_WAIT_TABLE_602'("D:\datos\proyectos\43_Tang_Nano_20k\95_MSXgoauld_tn20k\vdp\vdp_wait_control.v":40)
Extracting RAM for identifier 'C_WAIT_TABLE_603'("D:\datos\proyectos\43_Tang_Nano_20k\95_MSXgoauld_tn20k\vdp\vdp_wait_control.v":41)
Extracting RAM for identifier 'C_WAIT_TABLE_604'("D:\datos\proyectos\43_Tang_Nano_20k\95_MSXgoauld_tn20k\vdp\vdp_wait_control.v":42)
Extracting RAM for identifier 'C_WAIT_TABLE_605'("D:\datos\proyectos\43_Tang_Nano_20k\95_MSXgoauld_tn20k\vdp\vdp_wait_control.v":43)
WARN  (EX2208) : Illegal integral type argument in math function 'pow()', expected real type("D:\datos\proyectos\43_Tang_Nano_20k\95_MSXgoauld_tn20k\src\wondertang\clockdiv.v":38)
Compiling module 'CLOCK_DIV(CLK_SRC=125.0,CLK_DIV=3.57954545454545)'("D:\datos\proyectos\43_Tang_Nano_20k\95_MSXgoauld_tn20k\src\wondertang\clockdiv.v":24)
WARN  (EX3791) : Expression size 64 truncated to fit in target size 32("D:\datos\proyectos\43_Tang_Nano_20k\95_MSXgoauld_tn20k\src\wondertang\clockdiv.v":35)
WARN  (EX3791) : Expression size 64 truncated to fit in target size 32("D:\datos\proyectos\43_Tang_Nano_20k\95_MSXgoauld_tn20k\src\wondertang\clockdiv.v":36)
WARN  (EX3791) : Expression size 64 truncated to fit in target size 32("D:\datos\proyectos\43_Tang_Nano_20k\95_MSXgoauld_tn20k\src\wondertang\clockdiv.v":38)
WARN  (EX3791) : Expression size 18 truncated to fit in target size 17("D:\datos\proyectos\43_Tang_Nano_20k\95_MSXgoauld_tn20k\src\wondertang\clockdiv.v":54)
WARN  (EX3791) : Expression size 8 truncated to fit in target size 7("D:\datos\proyectos\43_Tang_Nano_20k\95_MSXgoauld_tn20k\src\wondertang\clockdiv.v":57)
Compiling module 'CLOCK_DIV(CLK_SRC=27,CLK_DIV=0.0441)'("D:\datos\proyectos\43_Tang_Nano_20k\95_MSXgoauld_tn20k\src\wondertang\clockdiv.v":24)
WARN  (EX3791) : Expression size 64 truncated to fit in target size 32("D:\datos\proyectos\43_Tang_Nano_20k\95_MSXgoauld_tn20k\src\wondertang\clockdiv.v":35)
WARN  (EX3791) : Expression size 64 truncated to fit in target size 32("D:\datos\proyectos\43_Tang_Nano_20k\95_MSXgoauld_tn20k\src\wondertang\clockdiv.v":36)
WARN  (EX3791) : Expression size 64 truncated to fit in target size 32("D:\datos\proyectos\43_Tang_Nano_20k\95_MSXgoauld_tn20k\src\wondertang\clockdiv.v":38)
WARN  (EX3791) : Expression size 18 truncated to fit in target size 17("D:\datos\proyectos\43_Tang_Nano_20k\95_MSXgoauld_tn20k\src\wondertang\clockdiv.v":54)
WARN  (EX3791) : Expression size 12 truncated to fit in target size 11("D:\datos\proyectos\43_Tang_Nano_20k\95_MSXgoauld_tn20k\src\wondertang\clockdiv.v":57)
Compiling module 'hdmi(VIDEO_ID_CODE=2,VENDOR_NAME=64'b0101010101101110011010110110111001101111011101110110111000000000,PRODUCT_DESCRIPTION=128'b01000110010100000100011101000001000000000000000000000000000000000000000000000000000000000000000000000000000000000000000000000000,START_Y=480)'("D:\datos\proyectos\43_Tang_Nano_20k\95_MSXgoauld_tn20k\src\hdmi\hdmi.sv":4)
Compiling module 'packet_picker(VIDEO_ID_CODE=2,VIDEO_RATE=27000000.0,IT_CONTENT=1'b1,AUDIO_BIT_WIDTH=16,AUDIO_RATE=44100,VENDOR_NAME=64'b0101010101101110011010110110111001101111011101110110111000000000,PRODUCT_DESCRIPTION=128'b01000110010100000100011101000001000000000000000000000000000000000000000000000000000000000000000000000000000000000000000000000000,SOURCE_DEVICE_INFORMATION=8'b00000000)'("D:\datos\proyectos\43_Tang_Nano_20k\95_MSXgoauld_tn20k\src\hdmi\packet_picker.sv":4)
Extracting RAM for identifier 'audio_sample_word_buffer'("D:\datos\proyectos\43_Tang_Nano_20k\95_MSXgoauld_tn20k\src\hdmi\packet_picker.sv":80)
Compiling module 'audio_clock_regeneration_packet(VIDEO_RATE=27000000.0,AUDIO_RATE=44100)'("D:\datos\proyectos\43_Tang_Nano_20k\95_MSXgoauld_tn20k\src\hdmi\audio_clock_regeneration_packet.sv":5)
Compiling module 'audio_sample_packet(WORD_LENGTH=4'b0010)'("D:\datos\proyectos\43_Tang_Nano_20k\95_MSXgoauld_tn20k\src\hdmi\audio_sample_packet.sv":8)
WARN  (EX3780) : Using initial value of 'CHANNEL_LEFT' since it is never assigned("D:\datos\proyectos\43_Tang_Nano_20k\95_MSXgoauld_tn20k\src\hdmi\audio_sample_packet.sv":63)
WARN  (EX3780) : Using initial value of 'CHANNEL_RIGHT' since it is never assigned("D:\datos\proyectos\43_Tang_Nano_20k\95_MSXgoauld_tn20k\src\hdmi\audio_sample_packet.sv":64)
Compiling module 'auxiliary_video_information_info_frame(IT_CONTENT=1'b1,VIDEO_ID_CODE=32'sb00000000000000000000000000000010)'("D:\datos\proyectos\43_Tang_Nano_20k\95_MSXgoauld_tn20k\src\hdmi\auxiliary_video_information_info_frame.sv":5)
Compiling module 'source_product_description_info_frame(VENDOR_NAME=64'b0101010101101110011010110110111001101111011101110110111000000000,PRODUCT_DESCRIPTION=128'b01000110010100000100011101000001000000000000000000000000000000000000000000000000000000000000000000000000000000000000000000000000,SOURCE_DEVICE_INFORMATION=8'b00000000)'("D:\datos\proyectos\43_Tang_Nano_20k\95_MSXgoauld_tn20k\src\hdmi\source_product_description_info_frame.sv":5)
Compiling module 'audio_info_frame'("D:\datos\proyectos\43_Tang_Nano_20k\95_MSXgoauld_tn20k\src\hdmi\audio_info_frame.sv":5)
WARN  (EX1998) : Net 'headers[255][23]' does not have a driver("D:\datos\proyectos\43_Tang_Nano_20k\95_MSXgoauld_tn20k\src\hdmi\packet_picker.sv":29)
WARN  (EX1998) : Net 'subs[255][3][55]' does not have a driver("D:\datos\proyectos\43_Tang_Nano_20k\95_MSXgoauld_tn20k\src\hdmi\packet_picker.sv":30)
Compiling module 'packet_assembler'("D:\datos\proyectos\43_Tang_Nano_20k\95_MSXgoauld_tn20k\src\hdmi\packet_assembler.sv":4)
Compiling module 'tmds_channel'("D:\datos\proyectos\43_Tang_Nano_20k\95_MSXgoauld_tn20k\src\hdmi\tmds_channel.sv":4)
Compiling module 'tmds_channel(CN=1)'("D:\datos\proyectos\43_Tang_Nano_20k\95_MSXgoauld_tn20k\src\hdmi\tmds_channel.sv":4)
Compiling module 'tmds_channel(CN=2)'("D:\datos\proyectos\43_Tang_Nano_20k\95_MSXgoauld_tn20k\src\hdmi\tmds_channel.sv":4)
Compiling module 'hdmi(VIDEO_ID_CODE=17,IT_CONTENT=1'b0,VIDEO_REFRESH_RATE=50,VENDOR_NAME=64'b0101010101101110011010110110111001101111011101110110111000000000,PRODUCT_DESCRIPTION=128'b01000110010100000100011101000001000000000000000000000000000000000000000000000000000000000000000000000000000000000000000000000000,START_Y=565)'("D:\datos\proyectos\43_Tang_Nano_20k\95_MSXgoauld_tn20k\src\hdmi\hdmi.sv":4)
Compiling module 'packet_picker(VIDEO_ID_CODE=17,VIDEO_RATE=27000000.0,AUDIO_BIT_WIDTH=16,AUDIO_RATE=44100,VENDOR_NAME=64'b0101010101101110011010110110111001101111011101110110111000000000,PRODUCT_DESCRIPTION=128'b01000110010100000100011101000001000000000000000000000000000000000000000000000000000000000000000000000000000000000000000000000000,SOURCE_DEVICE_INFORMATION=8'b00000000)'("D:\datos\proyectos\43_Tang_Nano_20k\95_MSXgoauld_tn20k\src\hdmi\packet_picker.sv":4)
Extracting RAM for identifier 'audio_sample_word_buffer'("D:\datos\proyectos\43_Tang_Nano_20k\95_MSXgoauld_tn20k\src\hdmi\packet_picker.sv":80)
Compiling module 'auxiliary_video_information_info_frame(VIDEO_ID_CODE=32'sb00000000000000000000000000010001)'("D:\datos\proyectos\43_Tang_Nano_20k\95_MSXgoauld_tn20k\src\hdmi\auxiliary_video_information_info_frame.sv":5)
WARN  (EX1998) : Net 'headers[255][23]' does not have a driver("D:\datos\proyectos\43_Tang_Nano_20k\95_MSXgoauld_tn20k\src\hdmi\packet_picker.sv":29)
WARN  (EX1998) : Net 'subs[255][3][55]' does not have a driver("D:\datos\proyectos\43_Tang_Nano_20k\95_MSXgoauld_tn20k\src\hdmi\packet_picker.sv":30)
WARN  (EX3670) : Actual bit length 10 differs from formal bit length 12 for port 'cx'("D:\datos\proyectos\43_Tang_Nano_20k\95_MSXgoauld_tn20k\vdp\vdp_top.v":502)
Compiling module 'serializer(VIDEO_RATE=0)'("D:\datos\proyectos\43_Tang_Nano_20k\95_MSXgoauld_tn20k\src\hdmi\serializer.sv":3)
WARN  (EX1998) : Net 'clk_sdram_w' does not have a driver("D:\datos\proyectos\43_Tang_Nano_20k\95_MSXgoauld_tn20k\vdp\vdp_top.v":110)
WARN  (EX1998) : Net 'clk_sdramp_w' does not have a driver("D:\datos\proyectos\43_Tang_Nano_20k\95_MSXgoauld_tn20k\vdp\vdp_top.v":111)
WARN  (EX3670) : Actual bit length 32 differs from formal bit length 1 for port 's1'("D:\datos\proyectos\43_Tang_Nano_20k\95_MSXgoauld_tn20k\top.v":1259)
WARN  (EX3670) : Actual bit length 32 differs from formal bit length 1 for port 'clk_50'("D:\datos\proyectos\43_Tang_Nano_20k\95_MSXgoauld_tn20k\top.v":1260)
WARN  (EX3670) : Actual bit length 32 differs from formal bit length 1 for port 'clk_125'("D:\datos\proyectos\43_Tang_Nano_20k\95_MSXgoauld_tn20k\top.v":1261)
WARN  (EX3670) : Actual bit length 32 differs from formal bit length 1 for port 'adc_miso'("D:\datos\proyectos\43_Tang_Nano_20k\95_MSXgoauld_tn20k\top.v":1279)
WARN  (EX3670) : Actual bit length 32 differs from formal bit length 1 for port 'maxspr_n'("D:\datos\proyectos\43_Tang_Nano_20k\95_MSXgoauld_tn20k\top.v":1281)
WARN  (EX3670) : Actual bit length 32 differs from formal bit length 1 for port 'gromclk_ena_n'("D:\datos\proyectos\43_Tang_Nano_20k\95_MSXgoauld_tn20k\top.v":1287)
WARN  (EX3670) : Actual bit length 32 differs from formal bit length 1 for port 'cpuclk_ena_n'("D:\datos\proyectos\43_Tang_Nano_20k\95_MSXgoauld_tn20k\top.v":1288)
WARN  (EX3791) : Expression size 25 truncated to fit in target size 23("D:\datos\proyectos\43_Tang_Nano_20k\95_MSXgoauld_tn20k\top.v":1444)
WARN  (EX3791) : Expression size 32 truncated to fit in target size 1("D:\datos\proyectos\43_Tang_Nano_20k\95_MSXgoauld_tn20k\top.v":1464)
WARN  (EX3791) : Expression size 32 truncated to fit in target size 1("D:\datos\proyectos\43_Tang_Nano_20k\95_MSXgoauld_tn20k\top.v":1471)
WARN  (EX3791) : Expression size 16 truncated to fit in target size 8("D:\datos\proyectos\43_Tang_Nano_20k\95_MSXgoauld_tn20k\top.v":1491)
Compiling module 'memory_ctrl'("D:\datos\proyectos\43_Tang_Nano_20k\95_MSXgoauld_tn20k\src\memory.v":2)
WARN  (EX3791) : Expression size 17 truncated to fit in target size 16("D:\datos\proyectos\43_Tang_Nano_20k\95_MSXgoauld_tn20k\src\memory.v":183)
WARN  (EX3791) : Expression size 21 truncated to fit in target size 20("D:\datos\proyectos\43_Tang_Nano_20k\95_MSXgoauld_tn20k\src\memory.v":193)
WARN  (EX3791) : Expression size 6 truncated to fit in target size 5("D:\datos\proyectos\43_Tang_Nano_20k\95_MSXgoauld_tn20k\src\memory.v":203)
WARN  (EX3791) : Expression size 4 truncated to fit in target size 3("D:\datos\proyectos\43_Tang_Nano_20k\95_MSXgoauld_tn20k\src\memory.v":514)
Switching to VHDL mode to elaborate design unit 'YM2149'("D:\datos\proyectos\43_Tang_Nano_20k\95_MSXgoauld_tn20k\top.v":1585)
Processing 'YM2149(RTL)'("D:\datos\proyectos\43_Tang_Nano_20k\95_MSXgoauld_tn20k\PSG_YM2149\YM2149.vhdl":62)
'others' clause is never selected("D:\datos\proyectos\43_Tang_Nano_20k\95_MSXgoauld_tn20k\PSG_YM2149\YM2149.vhdl":169)
'others' clause is never selected("D:\datos\proyectos\43_Tang_Nano_20k\95_MSXgoauld_tn20k\PSG_YM2149\YM2149.vhdl":225)
'others' clause is never selected("D:\datos\proyectos\43_Tang_Nano_20k\95_MSXgoauld_tn20k\PSG_YM2149\YM2149.vhdl":305)
'others' clause is never selected("D:\datos\proyectos\43_Tang_Nano_20k\95_MSXgoauld_tn20k\PSG_YM2149\YM2149.vhdl":529)
'others' clause is never selected("D:\datos\proyectos\43_Tang_Nano_20k\95_MSXgoauld_tn20k\PSG_YM2149\YM2149.vhdl":589)
WARN  (EX3670) : Actual bit length 32 differs from formal bit length 1 for port 'I_A9_L'("D:\datos\proyectos\43_Tang_Nano_20k\95_MSXgoauld_tn20k\top.v":1566)
WARN  (EX3670) : Actual bit length 32 differs from formal bit length 1 for port 'I_A8'("D:\datos\proyectos\43_Tang_Nano_20k\95_MSXgoauld_tn20k\top.v":1567)
WARN  (EX3670) : Actual bit length 32 differs from formal bit length 1 for port 'I_BC2'("D:\datos\proyectos\43_Tang_Nano_20k\95_MSXgoauld_tn20k\top.v":1569)
WARN  (EX3670) : Actual bit length 32 differs from formal bit length 1 for port 'I_SEL_L'("D:\datos\proyectos\43_Tang_Nano_20k\95_MSXgoauld_tn20k\top.v":1571)
Returning to Verilog mode to proceed with elaboration("D:\datos\proyectos\43_Tang_Nano_20k\95_MSXgoauld_tn20k\top.v":1585)
Compiling module 'opll_ikaopll'("D:\datos\proyectos\43_Tang_Nano_20k\95_MSXgoauld_tn20k\ikaopll\opll_ikaopll.v":24)
Compiling module 'IKAOPLL(FAST_RESET=1)'("D:\datos\proyectos\43_Tang_Nano_20k\95_MSXgoauld_tn20k\ikaopll\IKAOPLL.v":1)
Compiling module 'IKAOPLL_timinggen'("D:\datos\proyectos\43_Tang_Nano_20k\95_MSXgoauld_tn20k\ikaopll\IKAOPLL_timinggen.v":1)
Compiling module 'IKAOPLL_reg'("D:\datos\proyectos\43_Tang_Nano_20k\95_MSXgoauld_tn20k\ikaopll\IKAOPLL_reg.v":1)
Compiling module 'IKAOPLL_rw_synchronizer'("D:\datos\proyectos\43_Tang_Nano_20k\95_MSXgoauld_tn20k\ikaopll\IKAOPLL_reg.v":467)
Compiling module 'IKAOPLL_d9reg(WIDTH=8)'("D:\datos\proyectos\43_Tang_Nano_20k\95_MSXgoauld_tn20k\ikaopll\IKAOPLL_reg.v":525)
Compiling module 'IKAOPLL_sr(WIDTH=8,TAP0=2,TAP1=5,TAP2=8)'("D:\datos\proyectos\43_Tang_Nano_20k\95_MSXgoauld_tn20k\ikaopll\IKAOPLL_primitives.v":31)
Compiling module 'IKAOPLL_d9reg'("D:\datos\proyectos\43_Tang_Nano_20k\95_MSXgoauld_tn20k\ikaopll\IKAOPLL_reg.v":525)
Compiling module 'IKAOPLL_sr(TAP0=2,TAP1=5,TAP2=8)'("D:\datos\proyectos\43_Tang_Nano_20k\95_MSXgoauld_tn20k\ikaopll\IKAOPLL_primitives.v":31)
Compiling module 'IKAOPLL_d9reg(WIDTH=3)'("D:\datos\proyectos\43_Tang_Nano_20k\95_MSXgoauld_tn20k\ikaopll\IKAOPLL_reg.v":525)
Compiling module 'IKAOPLL_sr(WIDTH=3,TAP0=2,TAP1=5,TAP2=8)'("D:\datos\proyectos\43_Tang_Nano_20k\95_MSXgoauld_tn20k\ikaopll\IKAOPLL_primitives.v":31)
Compiling module 'IKAOPLL_d9reg(WIDTH=4)'("D:\datos\proyectos\43_Tang_Nano_20k\95_MSXgoauld_tn20k\ikaopll\IKAOPLL_reg.v":525)
Compiling module 'IKAOPLL_sr(WIDTH=4,TAP0=2,TAP1=5,TAP2=8)'("D:\datos\proyectos\43_Tang_Nano_20k\95_MSXgoauld_tn20k\ikaopll\IKAOPLL_primitives.v":31)
Compiling module 'IKAOPLL_instrom'("D:\datos\proyectos\43_Tang_Nano_20k\95_MSXgoauld_tn20k\ikaopll\IKAOPLL_reg.v":554)
Compiling module 'IKAOPLL_lfo'("D:\datos\proyectos\43_Tang_Nano_20k\95_MSXgoauld_tn20k\ikaopll\IKAOPLL_lfo.v":1)
Compiling module 'IKAOPLL_pg(USE_PIPELINED_MULTIPLIER=0)'("D:\datos\proyectos\43_Tang_Nano_20k\95_MSXgoauld_tn20k\ikaopll\IKAOPLL_pg.v":1)
Compiling module 'IKAOPLL_sr(WIDTH=19,LENGTH=15)'("D:\datos\proyectos\43_Tang_Nano_20k\95_MSXgoauld_tn20k\ikaopll\IKAOPLL_primitives.v":31)
Compiling module 'IKAOPLL_eg'("D:\datos\proyectos\43_Tang_Nano_20k\95_MSXgoauld_tn20k\ikaopll\IKAOPLL_eg.v":1)
Compiling module 'IKAOPLL_sr(WIDTH=2,LENGTH=18,TAP0=16)'("D:\datos\proyectos\43_Tang_Nano_20k\95_MSXgoauld_tn20k\ikaopll\IKAOPLL_primitives.v":31)
Compiling module 'IKAOPLL_sr(WIDTH=7,LENGTH=17,TAP0=15,TAP1=16)'("D:\datos\proyectos\43_Tang_Nano_20k\95_MSXgoauld_tn20k\ikaopll\IKAOPLL_primitives.v":31)
Compiling module 'IKAOPLL_op'("D:\datos\proyectos\43_Tang_Nano_20k\95_MSXgoauld_tn20k\ikaopll\IKAOPLL_op.v":1)
Compiling module 'IKAOPLL_logsinrom'("D:\datos\proyectos\43_Tang_Nano_20k\95_MSXgoauld_tn20k\ikaopll\IKAOPLL_op.v":277)
Compiling module 'IKAOPLL_exprom'("D:\datos\proyectos\43_Tang_Nano_20k\95_MSXgoauld_tn20k\ikaopll\IKAOPLL_op.v":325)
Compiling module 'IKAOPLL_sr(WIDTH=12,TAP0=6)'("D:\datos\proyectos\43_Tang_Nano_20k\95_MSXgoauld_tn20k\ikaopll\IKAOPLL_primitives.v":31)
Compiling module 'IKAOPLL_dac'("D:\datos\proyectos\43_Tang_Nano_20k\95_MSXgoauld_tn20k\ikaopll\IKAOPLL_dac.v":1)
Compiling module 'IKAOPLL_sr(WIDTH=9,LENGTH=5)'("D:\datos\proyectos\43_Tang_Nano_20k\95_MSXgoauld_tn20k\ikaopll\IKAOPLL_primitives.v":31)
Switching to VHDL mode to elaborate design unit 'scc_wave2'("D:\datos\proyectos\43_Tang_Nano_20k\95_MSXgoauld_tn20k\top.v":1688)
Processing 'scc_wave2(rtl)'("D:\datos\proyectos\43_Tang_Nano_20k\95_MSXgoauld_tn20k\src\ocm\scc_wave2.vhd":79)
Switching to Verilog mode to elaborate module 'ram'("D:\datos\proyectos\43_Tang_Nano_20k\95_MSXgoauld_tn20k\src\ocm\scc_wave2.vhd":332)
Returning to VHDL mode to continue with elaboration("D:\datos\proyectos\43_Tang_Nano_20k\95_MSXgoauld_tn20k\src\ocm\scc_wave2.vhd":332)
Processing 'scc_wave_mul(rtl)'("D:\datos\proyectos\43_Tang_Nano_20k\95_MSXgoauld_tn20k\src\ocm\scc_wave2.vhd":39)
Returning to Verilog mode to proceed with elaboration("D:\datos\proyectos\43_Tang_Nano_20k\95_MSXgoauld_tn20k\top.v":1688)
Compiling module 'megaram_scc'("D:\datos\proyectos\43_Tang_Nano_20k\95_MSXgoauld_tn20k\src\megaram.v":1)
Compiling module 'lpf_butter4_8k(DW=16)'("D:\datos\proyectos\43_Tang_Nano_20k\95_MSXgoauld_tn20k\src\lpf_butter4_8k.v":1)
Compiling module 'svf_biquad(DW=16,QC=121109)'("D:\datos\proyectos\43_Tang_Nano_20k\95_MSXgoauld_tn20k\src\svf_biquad.v":1)
WARN  (EX3791) : Expression size 54 truncated to fit in target size 36("D:\datos\proyectos\43_Tang_Nano_20k\95_MSXgoauld_tn20k\src\svf_biquad.v":28)
WARN  (EX3791) : Expression size 54 truncated to fit in target size 36("D:\datos\proyectos\43_Tang_Nano_20k\95_MSXgoauld_tn20k\src\svf_biquad.v":31)
WARN  (EX3791) : Expression size 54 truncated to fit in target size 36("D:\datos\proyectos\43_Tang_Nano_20k\95_MSXgoauld_tn20k\src\svf_biquad.v":34)
Compiling module 'svf_biquad(DW=16)'("D:\datos\proyectos\43_Tang_Nano_20k\95_MSXgoauld_tn20k\src\svf_biquad.v":1)
WARN  (EX3791) : Expression size 54 truncated to fit in target size 36("D:\datos\proyectos\43_Tang_Nano_20k\95_MSXgoauld_tn20k\src\svf_biquad.v":28)
WARN  (EX3791) : Expression size 54 truncated to fit in target size 36("D:\datos\proyectos\43_Tang_Nano_20k\95_MSXgoauld_tn20k\src\svf_biquad.v":31)
WARN  (EX3791) : Expression size 54 truncated to fit in target size 36("D:\datos\proyectos\43_Tang_Nano_20k\95_MSXgoauld_tn20k\src\svf_biquad.v":34)
WARN  (EX3670) : Actual bit length 32 differs from formal bit length 1 for port 'en'("D:\datos\proyectos\43_Tang_Nano_20k\95_MSXgoauld_tn20k\top.v":1769)
Compiling module 'kanji'("D:\datos\proyectos\43_Tang_Nano_20k\95_MSXgoauld_tn20k\src\ocm\kanji.v":43)
WARN  (EX3670) : Actual bit length 32 differs from formal bit length 1 for port 'reset'("D:\datos\proyectos\43_Tang_Nano_20k\95_MSXgoauld_tn20k\top.v":1799)
Switching to VHDL mode to elaborate design unit 'monostable'("D:\datos\proyectos\43_Tang_Nano_20k\95_MSXgoauld_tn20k\top.v":1936)
Processing 'monostable(rtl)'("D:\datos\proyectos\43_Tang_Nano_20k\95_MSXgoauld_tn20k\monostable\monostable.vhd":7)
Returning to Verilog mode to proceed with elaboration("D:\datos\proyectos\43_Tang_Nano_20k\95_MSXgoauld_tn20k\top.v":1936)
Compiling module 'flash(STARTUP_WAIT=1)'("D:\datos\proyectos\43_Tang_Nano_20k\95_MSXgoauld_tn20k\src\flash_rw.v":1)
WARN  (EX3780) : Using initial value of 'command' since it is never assigned("D:\datos\proyectos\43_Tang_Nano_20k\95_MSXgoauld_tn20k\src\flash_rw.v":84)
WARN  (EX3791) : Expression size 32 truncated to fit in target size 9("D:\datos\proyectos\43_Tang_Nano_20k\95_MSXgoauld_tn20k\src\flash_rw.v":157)
WARN  (EX3791) : Expression size 32 truncated to fit in target size 9("D:\datos\proyectos\43_Tang_Nano_20k\95_MSXgoauld_tn20k\src\flash_rw.v":174)
WARN  (EX3791) : Expression size 9 truncated to fit in target size 8("D:\datos\proyectos\43_Tang_Nano_20k\95_MSXgoauld_tn20k\src\flash_rw.v":454)
WARN  (EX3791) : Expression size 25 truncated to fit in target size 24("D:\datos\proyectos\43_Tang_Nano_20k\95_MSXgoauld_tn20k\top.v":2146)
WARN  (EX3791) : Expression size 26 truncated to fit in target size 25("D:\datos\proyectos\43_Tang_Nano_20k\95_MSXgoauld_tn20k\top.v":2151)
WARN  (EX3791) : Expression size 32 truncated to fit in target size 3("D:\datos\proyectos\43_Tang_Nano_20k\95_MSXgoauld_tn20k\top.v":2207)
WARN  (EX2208) : Illegal integral type argument in math function 'pow()', expected real type("D:\datos\proyectos\43_Tang_Nano_20k\95_MSXgoauld_tn20k\src\wondertang\dpram.v":21)
Compiling module 'dpram(widthad_a=9)'("D:\datos\proyectos\43_Tang_Nano_20k\95_MSXgoauld_tn20k\src\wondertang\dpram.v":1)
WARN  (EX3791) : Expression size 64 truncated to fit in target size 32("D:\datos\proyectos\43_Tang_Nano_20k\95_MSXgoauld_tn20k\src\wondertang\dpram.v":21)
Extracting RAM for identifier 'mem_r'("D:\datos\proyectos\43_Tang_Nano_20k\95_MSXgoauld_tn20k\src\wondertang\dpram.v":23)
Compiling module 'sd_reader(CLK_DIV=3'd3)'("D:\datos\proyectos\43_Tang_Nano_20k\95_MSXgoauld_tn20k\src\wondertang\sd_reader.sv":11)
WARN  (EX3791) : Expression size 5 truncated to fit in target size 4("D:\datos\proyectos\43_Tang_Nano_20k\95_MSXgoauld_tn20k\src\wondertang\sd_reader.sv":125)
Compiling module 'sdcmd_ctrl'("D:\datos\proyectos\43_Tang_Nano_20k\95_MSXgoauld_tn20k\src\wondertang\sdcmd_ctrl.sv":10)
WARN  (EX3771) : Module instantiation should have an instance name("D:\datos\proyectos\43_Tang_Nano_20k\95_MSXgoauld_tn20k\src\wondertang\sd_reader.sv":304)
Compiling module 'sd_crc_16'("D:\datos\proyectos\43_Tang_Nano_20k\95_MSXgoauld_tn20k\src\wondertang\crc16.v":5)
Switching to VHDL mode to elaborate design unit 'switched_io_ports'("D:\datos\proyectos\43_Tang_Nano_20k\95_MSXgoauld_tn20k\top.v":2537)
Processing 'switched_io_ports(RTL)'("D:\datos\proyectos\43_Tang_Nano_20k\95_MSXgoauld_tn20k\src\ocm\swioports.vhd":38)
WARN  (EX3670) : Actual bit length 32 differs from formal bit length 1 for port 'power_on_reset'("D:\datos\proyectos\43_Tang_Nano_20k\95_MSXgoauld_tn20k\top.v":2528)
Returning to Verilog mode to proceed with elaboration("D:\datos\proyectos\43_Tang_Nano_20k\95_MSXgoauld_tn20k\top.v":2537)
Switching to VHDL mode to elaborate design unit 'monostable'("D:\datos\proyectos\43_Tang_Nano_20k\95_MSXgoauld_tn20k\top.v":2550)
Returning to Verilog mode to proceed with elaboration("D:\datos\proyectos\43_Tang_Nano_20k\95_MSXgoauld_tn20k\top.v":2550)
Compiling module 'timing_debug'("D:\datos\proyectos\43_Tang_Nano_20k\95_MSXgoauld_tn20k\msx_debug\timing_debug.v":2)
Extracting RAM for identifier 'print_seq'("D:\datos\proyectos\43_Tang_Nano_20k\95_MSXgoauld_tn20k\msx_debug\print.v":6)
Compiling module 'pulse_min'("D:\datos\proyectos\43_Tang_Nano_20k\95_MSXgoauld_tn20k\pulse_min_max\pulse_min.v":1)
WARN  (EX3791) : Expression size 9 truncated to fit in target size 8("D:\datos\proyectos\43_Tang_Nano_20k\95_MSXgoauld_tn20k\pulse_min_max\pulse_min.v":61)
Compiling module 'pulse_max'("D:\datos\proyectos\43_Tang_Nano_20k\95_MSXgoauld_tn20k\pulse_min_max\pulse_max.v":1)
WARN  (EX3791) : Expression size 9 truncated to fit in target size 8("D:\datos\proyectos\43_Tang_Nano_20k\95_MSXgoauld_tn20k\pulse_min_max\pulse_max.v":61)
Compiling module 'uart_tx_V2'("D:\datos\proyectos\43_Tang_Nano_20k\95_MSXgoauld_tn20k\src\uart_tx.v":1)
WARN  (EX3791) : Expression size 11 truncated to fit in target size 10("D:\datos\proyectos\43_Tang_Nano_20k\95_MSXgoauld_tn20k\src\uart_tx.v":49)
WARN  (EX3791) : Expression size 9 truncated to fit in target size 8("D:\datos\proyectos\43_Tang_Nano_20k\95_MSXgoauld_tn20k\msx_debug\timing_debug.v":159)
WARN  (EX3791) : Expression size 9 truncated to fit in target size 8("D:\datos\proyectos\43_Tang_Nano_20k\95_MSXgoauld_tn20k\msx_debug\timing_debug.v":209)
WARN  (EX1998) : Net 'psgPB[7]' does not have a driver("D:\datos\proyectos\43_Tang_Nano_20k\95_MSXgoauld_tn20k\top.v":1544)
WARN  (EX2565) : Input 'ff_dip_req[7]' on this instance is undriven. Assigning to 0, simulation mismatch possible. Please assign the input or remove the declaration("D:\datos\proyectos\43_Tang_Nano_20k\95_MSXgoauld_tn20k\top.v":2525)
WARN  (EX2565) : Input 'ff_dip_req[6]' on this instance is undriven. Assigning to 0, simulation mismatch possible. Please assign the input or remove the declaration("D:\datos\proyectos\43_Tang_Nano_20k\95_MSXgoauld_tn20k\top.v":2525)
WARN  (EX2565) : Input 'ff_dip_req[5]' on this instance is undriven. Assigning to 0, simulation mismatch possible. Please assign the input or remove the declaration("D:\datos\proyectos\43_Tang_Nano_20k\95_MSXgoauld_tn20k\top.v":2525)
WARN  (EX2565) : Input 'ff_dip_req[4]' on this instance is undriven. Assigning to 0, simulation mismatch possible. Please assign the input or remove the declaration("D:\datos\proyectos\43_Tang_Nano_20k\95_MSXgoauld_tn20k\top.v":2525)
WARN  (EX2565) : Input 'ff_dip_req[3]' on this instance is undriven. Assigning to 0, simulation mismatch possible. Please assign the input or remove the declaration("D:\datos\proyectos\43_Tang_Nano_20k\95_MSXgoauld_tn20k\top.v":2525)
WARN  (EX2565) : Input 'ff_dip_req[2]' on this instance is undriven. Assigning to 0, simulation mismatch possible. Please assign the input or remove the declaration("D:\datos\proyectos\43_Tang_Nano_20k\95_MSXgoauld_tn20k\top.v":2525)
WARN  (EX2565) : Input 'ff_dip_req[1]' on this instance is undriven. Assigning to 0, simulation mismatch possible. Please assign the input or remove the declaration("D:\datos\proyectos\43_Tang_Nano_20k\95_MSXgoauld_tn20k\top.v":2525)
WARN  (EX2565) : Input 'ff_dip_req[0]' on this instance is undriven. Assigning to 0, simulation mismatch possible. Please assign the input or remove the declaration("D:\datos\proyectos\43_Tang_Nano_20k\95_MSXgoauld_tn20k\top.v":2525)
WARN  (EX2565) : Input 'Scro' on this instance is undriven. Assigning to 0, simulation mismatch possible. Please assign the input or remove the declaration("D:\datos\proyectos\43_Tang_Nano_20k\95_MSXgoauld_tn20k\top.v":2525)
WARN  (EX2565) : Input 'ff_Scro' on this instance is undriven. Assigning to 0, simulation mismatch possible. Please assign the input or remove the declaration("D:\datos\proyectos\43_Tang_Nano_20k\95_MSXgoauld_tn20k\top.v":2525)
WARN  (EX2565) : Input 'Reso' on this instance is undriven. Assigning to 0, simulation mismatch possible. Please assign the input or remove the declaration("D:\datos\proyectos\43_Tang_Nano_20k\95_MSXgoauld_tn20k\top.v":2525)
WARN  (EX2565) : Input 'ff_Reso' on this instance is undriven. Assigning to 0, simulation mismatch possible. Please assign the input or remove the declaration("D:\datos\proyectos\43_Tang_Nano_20k\95_MSXgoauld_tn20k\top.v":2525)
WARN  (EX2565) : Input 'FKeys[7]' on this instance is undriven. Assigning to 0, simulation mismatch possible. Please assign the input or remove the declaration("D:\datos\proyectos\43_Tang_Nano_20k\95_MSXgoauld_tn20k\top.v":2525)
WARN  (EX2565) : Input 'FKeys[6]' on this instance is undriven. Assigning to 0, simulation mismatch possible. Please assign the input or remove the declaration("D:\datos\proyectos\43_Tang_Nano_20k\95_MSXgoauld_tn20k\top.v":2525)
WARN  (EX2565) : Input 'FKeys[5]' on this instance is undriven. Assigning to 0, simulation mismatch possible. Please assign the input or remove the declaration("D:\datos\proyectos\43_Tang_Nano_20k\95_MSXgoauld_tn20k\top.v":2525)
WARN  (EX2565) : Input 'FKeys[4]' on this instance is undriven. Assigning to 0, simulation mismatch possible. Please assign the input or remove the declaration("D:\datos\proyectos\43_Tang_Nano_20k\95_MSXgoauld_tn20k\top.v":2525)
WARN  (EX2565) : Input 'FKeys[3]' on this instance is undriven. Assigning to 0, simulation mismatch possible. Please assign the input or remove the declaration("D:\datos\proyectos\43_Tang_Nano_20k\95_MSXgoauld_tn20k\top.v":2525)
WARN  (EX2565) : Input 'FKeys[2]' on this instance is undriven. Assigning to 0, simulation mismatch possible. Please assign the input or remove the declaration("D:\datos\proyectos\43_Tang_Nano_20k\95_MSXgoauld_tn20k\top.v":2525)
WARN  (EX2565) : Input 'FKeys[1]' on this instance is undriven. Assigning to 0, simulation mismatch possible. Please assign the input or remove the declaration("D:\datos\proyectos\43_Tang_Nano_20k\95_MSXgoauld_tn20k\top.v":2525)
WARN  (EX2565) : Input 'FKeys[0]' on this instance is undriven. Assigning to 0, simulation mismatch possible. Please assign the input or remove the declaration("D:\datos\proyectos\43_Tang_Nano_20k\95_MSXgoauld_tn20k\top.v":2525)
WARN  (EX2565) : Input 'vFKeys[7]' on this instance is undriven. Assigning to 0, simulation mismatch possible. Please assign the input or remove the declaration("D:\datos\proyectos\43_Tang_Nano_20k\95_MSXgoauld_tn20k\top.v":2525)
WARN  (EX2565) : Input 'vFKeys[6]' on this instance is undriven. Assigning to 0, simulation mismatch possible. Please assign the input or remove the declaration("D:\datos\proyectos\43_Tang_Nano_20k\95_MSXgoauld_tn20k\top.v":2525)
WARN  (EX2565) : Input 'vFKeys[5]' on this instance is undriven. Assigning to 0, simulation mismatch possible. Please assign the input or remove the declaration("D:\datos\proyectos\43_Tang_Nano_20k\95_MSXgoauld_tn20k\top.v":2525)
WARN  (EX2565) : Input 'vFKeys[4]' on this instance is undriven. Assigning to 0, simulation mismatch possible. Please assign the input or remove the declaration("D:\datos\proyectos\43_Tang_Nano_20k\95_MSXgoauld_tn20k\top.v":2525)
WARN  (EX2565) : Input 'vFKeys[3]' on this instance is undriven. Assigning to 0, simulation mismatch possible. Please assign the input or remove the declaration("D:\datos\proyectos\43_Tang_Nano_20k\95_MSXgoauld_tn20k\top.v":2525)
WARN  (EX2565) : Input 'vFKeys[2]' on this instance is undriven. Assigning to 0, simulation mismatch possible. Please assign the input or remove the declaration("D:\datos\proyectos\43_Tang_Nano_20k\95_MSXgoauld_tn20k\top.v":2525)
WARN  (EX2565) : Input 'vFKeys[1]' on this instance is undriven. Assigning to 0, simulation mismatch possible. Please assign the input or remove the declaration("D:\datos\proyectos\43_Tang_Nano_20k\95_MSXgoauld_tn20k\top.v":2525)
WARN  (EX2565) : Input 'vFKeys[0]' on this instance is undriven. Assigning to 0, simulation mismatch possible. Please assign the input or remove the declaration("D:\datos\proyectos\43_Tang_Nano_20k\95_MSXgoauld_tn20k\top.v":2525)
WARN  (EX2565) : Input 'ff_ldbios_n' on this instance is undriven. Assigning to 0, simulation mismatch possible. Please assign the input or remove the declaration("D:\datos\proyectos\43_Tang_Nano_20k\95_MSXgoauld_tn20k\top.v":2525)
WARN  (EX2565) : Input 'SdrSize[1]' on this instance is undriven. Assigning to 0, simulation mismatch possible. Please assign the input or remove the declaration("D:\datos\proyectos\43_Tang_Nano_20k\95_MSXgoauld_tn20k\top.v":2525)
WARN  (EX2565) : Input 'SdrSize[0]' on this instance is undriven. Assigning to 0, simulation mismatch possible. Please assign the input or remove the declaration("D:\datos\proyectos\43_Tang_Nano_20k\95_MSXgoauld_tn20k\top.v":2525)
NOTE  (EX0101) : Current top module is "top"
WARN  (EX0211) : The output port "adc_clk" of module "vdp_top" has no driver, assigning undriven bits to Z, simulation mismatch possible("D:\datos\proyectos\43_Tang_Nano_20k\95_MSXgoauld_tn20k\vdp\vdp_top.v":28)
WARN  (EX0211) : The output port "adc_cs" of module "vdp_top" has no driver, assigning undriven bits to Z, simulation mismatch possible("D:\datos\proyectos\43_Tang_Nano_20k\95_MSXgoauld_tn20k\vdp\vdp_top.v":29)
WARN  (EX0211) : The output port "adc_mosi" of module "vdp_top" has no driver, assigning undriven bits to Z, simulation mismatch possible("D:\datos\proyectos\43_Tang_Nano_20k\95_MSXgoauld_tn20k\vdp\vdp_top.v":30)
WARN  (EX0211) : The output port "write_terminate" of module "flash(STARTUP_WAIT=1)" has no driver, assigning undriven bits to Z, simulation mismatch possible("D:\datos\proyectos\43_Tang_Nano_20k\95_MSXgoauld_tn20k\src\flash_rw.v":24)
[5%] Running netlist conversion ...
WARN  (CV0016) : Input s1 is unused("D:\datos\proyectos\43_Tang_Nano_20k\95_MSXgoauld_tn20k\top.v":20)
Running device independent optimization ...
[10%] Optimizing Phase 0 completed
[15%] Optimizing Phase 1 completed
[25%] Optimizing Phase 2 completed
Running inference ...
[30%] Inferring Phase 0 completed
[40%] Inferring Phase 1 completed
[50%] Inferring Phase 2 completed
[55%] Inferring Phase 3 completed
Running technical mapping ...
[60%] Tech-Mapping Phase 0 completed
[65%] Tech-Mapping Phase 1 completed
[75%] Tech-Mapping Phase 2 completed
WARN  (AG0100) : Find logical loop signal : "env_vol[4]"("D:\datos\proyectos\43_Tang_Nano_20k\95_MSXgoauld_tn20k\PSG_YM2149\YM2149.vhdl":511)
WARN  (AG0100) : Find logical loop signal : "env_vol[4]"("D:\datos\proyectos\43_Tang_Nano_20k\95_MSXgoauld_tn20k\PSG_YM2149\YM2149.vhdl":511)
WARN  (AG0100) : Find logical loop signal : "env_vol[4]"("D:\datos\proyectos\43_Tang_Nano_20k\95_MSXgoauld_tn20k\PSG_YM2149\YM2149.vhdl":511)
WARN  (AG0101) : The netlist is not one directed acyclic graph
WARN  (AG0100) : Find logical loop signal : "env_vol[3]"("D:\datos\proyectos\43_Tang_Nano_20k\95_MSXgoauld_tn20k\PSG_YM2149\YM2149.vhdl":511)
WARN  (AG0100) : Find logical loop signal : "env_vol[3]"("D:\datos\proyectos\43_Tang_Nano_20k\95_MSXgoauld_tn20k\PSG_YM2149\YM2149.vhdl":511)
WARN  (AG0100) : Find logical loop signal : "env_vol[3]"("D:\datos\proyectos\43_Tang_Nano_20k\95_MSXgoauld_tn20k\PSG_YM2149\YM2149.vhdl":511)
WARN  (AG0101) : The netlist is not one directed acyclic graph
WARN  (AG0100) : Find logical loop signal : "env_vol[2]"("D:\datos\proyectos\43_Tang_Nano_20k\95_MSXgoauld_tn20k\PSG_YM2149\YM2149.vhdl":511)
WARN  (AG0100) : Find logical loop signal : "env_vol[2]"("D:\datos\proyectos\43_Tang_Nano_20k\95_MSXgoauld_tn20k\PSG_YM2149\YM2149.vhdl":511)
WARN  (AG0100) : Find logical loop signal : "env_vol[2]"("D:\datos\proyectos\43_Tang_Nano_20k\95_MSXgoauld_tn20k\PSG_YM2149\YM2149.vhdl":511)
WARN  (AG0101) : The netlist is not one directed acyclic graph
WARN  (AG0100) : Find logical loop signal : "env_vol[1]"("D:\datos\proyectos\43_Tang_Nano_20k\95_MSXgoauld_tn20k\PSG_YM2149\YM2149.vhdl":511)
WARN  (AG0100) : Find logical loop signal : "env_vol[1]"("D:\datos\proyectos\43_Tang_Nano_20k\95_MSXgoauld_tn20k\PSG_YM2149\YM2149.vhdl":511)
WARN  (AG0100) : Find logical loop signal : "env_vol[1]"("D:\datos\proyectos\43_Tang_Nano_20k\95_MSXgoauld_tn20k\PSG_YM2149\YM2149.vhdl":511)
WARN  (AG0101) : The netlist is not one directed acyclic graph
WARN  (AG0100) : Find logical loop signal : "env_vol[0]"("D:\datos\proyectos\43_Tang_Nano_20k\95_MSXgoauld_tn20k\PSG_YM2149\YM2149.vhdl":511)
WARN  (AG0100) : Find logical loop signal : "env_vol[0]"("D:\datos\proyectos\43_Tang_Nano_20k\95_MSXgoauld_tn20k\PSG_YM2149\YM2149.vhdl":511)
WARN  (AG0100) : Find logical loop signal : "env_vol[0]"("D:\datos\proyectos\43_Tang_Nano_20k\95_MSXgoauld_tn20k\PSG_YM2149\YM2149.vhdl":511)
WARN  (AG0101) : The netlist is not one directed acyclic graph
WARN  (AG0100) : Find logical loop signal : "env_inc"("D:\datos\proyectos\43_Tang_Nano_20k\95_MSXgoauld_tn20k\PSG_YM2149\YM2149.vhdl":511)
WARN  (AG0100) : Find logical loop signal : "env_inc"("D:\datos\proyectos\43_Tang_Nano_20k\95_MSXgoauld_tn20k\PSG_YM2149\YM2149.vhdl":511)
WARN  (AG0100) : Find logical loop signal : "env_inc"("D:\datos\proyectos\43_Tang_Nano_20k\95_MSXgoauld_tn20k\PSG_YM2149\YM2149.vhdl":511)
WARN  (AG0101) : The netlist is not one directed acyclic graph
[80%] Tech-Mapping Phase 3 completed
[90%] Tech-Mapping Phase 4 completed
WARN  (NL0002) : The module "scc_wave_mul" instantiated to "u_mul" is swept in optimizing("D:\datos\proyectos\43_Tang_Nano_20k\95_MSXgoauld_tn20k\src\ocm\scc_wave2.vhd":394)
WARN  (NL0002) : The module "pulse_min" instantiated to "mreq_rd_min_1s1" is swept in optimizing("D:\datos\proyectos\43_Tang_Nano_20k\95_MSXgoauld_tn20k\msx_debug\timing_debug.v":144)
WARN  (NL0002) : The module "monostable" instantiated to "mono2" is swept in optimizing("D:\datos\proyectos\43_Tang_Nano_20k\95_MSXgoauld_tn20k\top.v":2546)
WARN  (NL0002) : The module "CLOCK_DIV" instantiated to "cpuclkd" is swept in optimizing("D:\datos\proyectos\43_Tang_Nano_20k\95_MSXgoauld_tn20k\vdp\vdp_top.v":368)
WARN  (NL0002) : The module "audio_info_frame" instantiated to "audio_info_frame" is swept in optimizing("D:\datos\proyectos\43_Tang_Nano_20k\95_MSXgoauld_tn20k\src\hdmi\packet_picker.sv":143)
WARN  (NL0002) : The module "audio_sample_packet" instantiated to "audio_sample_packet" is swept in optimizing("D:\datos\proyectos\43_Tang_Nano_20k\95_MSXgoauld_tn20k\src\hdmi\packet_picker.sv":131)
WARN  (NL0002) : The module "auxiliary_video_information_info_frame" instantiated to "auxiliary_video_information_info_frame" is swept in optimizing("D:\datos\proyectos\43_Tang_Nano_20k\95_MSXgoauld_tn20k\src\hdmi\packet_picker.sv":137)
WARN  (NL0002) : The module "source_product_description_info_frame" instantiated to "source_product_description_info_frame" is swept in optimizing("D:\datos\proyectos\43_Tang_Nano_20k\95_MSXgoauld_tn20k\src\hdmi\packet_picker.sv":140)
WARN  (NL0002) : The module "audio_info_frame" instantiated to "audio_info_frame" is swept in optimizing("D:\datos\proyectos\43_Tang_Nano_20k\95_MSXgoauld_tn20k\src\hdmi\packet_picker.sv":143)
WARN  (NL0002) : The module "audio_sample_packet" instantiated to "audio_sample_packet" is swept in optimizing("D:\datos\proyectos\43_Tang_Nano_20k\95_MSXgoauld_tn20k\src\hdmi\packet_picker.sv":131)
WARN  (NL0002) : The module "auxiliary_video_information_info_frame" instantiated to "auxiliary_video_information_info_frame" is swept in optimizing("D:\datos\proyectos\43_Tang_Nano_20k\95_MSXgoauld_tn20k\src\hdmi\packet_picker.sv":137)
WARN  (NL0002) : The module "source_product_description_info_frame" instantiated to "source_product_description_info_frame" is swept in optimizing("D:\datos\proyectos\43_Tang_Nano_20k\95_MSXgoauld_tn20k\src\hdmi\packet_picker.sv":140)
WARN  (NL0002) : The module "VDP_NTSC_PAL" instantiated to "U_VDP_NTSC_PAL" is swept in optimizing("D:\datos\proyectos\43_Tang_Nano_20k\95_MSXgoauld_tn20k\vdp\vdp.v":481)
WARN  (NL0002) : The module "palette_g" instantiated to "U_PALETTEMEMG" is swept in optimizing("D:\datos\proyectos\43_Tang_Nano_20k\95_MSXgoauld_tn20k\vdp\vdp_register.v":292)
WARN  (NL0002) : The module "VDP_LINEBUF" instantiated to "U_BUF_GE" is swept in optimizing("D:\datos\proyectos\43_Tang_Nano_20k\95_MSXgoauld_tn20k\vdp\vdp_doublebuf.v":62)
WARN  (NL0002) : The module "VDP_LINEBUF" instantiated to "U_BUF_GO" is swept in optimizing("D:\datos\proyectos\43_Tang_Nano_20k\95_MSXgoauld_tn20k\vdp\vdp_doublebuf.v":87)
WARN  (NL0002) : The module "VDP_LINEBUF" instantiated to "U_BUF_RE" is swept in optimizing("D:\datos\proyectos\43_Tang_Nano_20k\95_MSXgoauld_tn20k\vdp\vdp_doublebuf.v":54)
WARN  (NL0002) : The module "VDP_LINEBUF" instantiated to "U_BUF_RO" is swept in optimizing("D:\datos\proyectos\43_Tang_Nano_20k\95_MSXgoauld_tn20k\vdp\vdp_doublebuf.v":79)
[95%] Generate netlist file "D:\datos\proyectos\43_Tang_Nano_20k\95_MSXgoauld_tn20k\impl\gwsynthesis\Z80_goauld.vg" completed
[100%] Generate report file "D:\datos\proyectos\43_Tang_Nano_20k\95_MSXgoauld_tn20k\impl\gwsynthesis\Z80_goauld_syn.rpt.html" completed
GowinSynthesis finish
